2025-12-26 11:25:58.287 | main | INFO  | mx.baz.conciliaciones.operaciones.dao.Impl.UploadInfoDaoImpl | File read successfully: C:\CREDITOJOBS\BATCREDITO\application.properties
2025-12-26 11:25:58.292 | main | INFO  | mx.baz.conciliaciones.operaciones.AppUploadInfo | Start the information loading process,
2025-12-26 11:26:02.908 | main | INFO  | mx.baz.conciliaciones.operaciones.AppUploadInfo | Connected to database successfully
2025-12-26 11:26:02.909 | main | INFO  | mx.baz.conciliaciones.operaciones.dao.Impl.UploadInfoDaoImpl | Get data for path
2025-12-26 11:26:03.703 | main | INFO  | mx.baz.conciliaciones.operaciones.AppUploadInfo | Route file: PathInfo(job=CARTERADELIM, ip=10.53.80.16, path=BackOfficeBaz\Operaciones\Operacion\Credito\MonitoreosDiarios, file=BAT1SB60.RESUMEN.CARTERADELIM.D, domain=PRODUCCIONBA, user=BusrConc, password=NuevaRepAln/094)
2025-12-26 11:26:03.769 | main | INFO  | mx.baz.conciliaciones.operaciones.utils.FSConn | URI: \\10.53.80.16\BackOfficeBaz\Operaciones\Operacion\Credito\MonitoreosDiarios\BAT1SB60.RESUMEN.CARTERADELIM.D251224
2025-12-26 11:26:03.769 | main | INFO  | mx.baz.conciliaciones.operaciones.utils.FSConn | URN: \\10.53.80.16\BackOfficeBaz\Operaciones\Operacion\Credito\MonitoreosDiarios
2025-12-26 11:26:03.769 | main | INFO  | mx.baz.conciliaciones.operaciones.utils.FSConn | IP: 10.53.80.16
2025-12-26 11:26:03.769 | main | INFO  | mx.baz.conciliaciones.operaciones.utils.FSConn | Path: BackOfficeBaz\Operaciones\Operacion\Credito\MonitoreosDiarios
2025-12-26 11:26:03.769 | main | INFO  | mx.baz.conciliaciones.operaciones.utils.FSConn | File: BAT1SB60.RESUMEN.CARTERADELIM.D251224
2025-12-26 11:26:03.769 | main | INFO  | mx.baz.conciliaciones.operaciones.utils.FSConn | User and Domain: PRODUCCIONBA\BusrConc
2025-12-26 11:26:07.141 | main | INFO  | mx.baz.conciliaciones.operaciones.utils.FSConn | Command: net use A: \\10.53.80.16\BackOfficeBaz\Operaciones\Operacion\Credito\MonitoreosDiarios NuevaRepAln/094 /user:PRODUCCIONBA\BusrConc
2025-12-26 11:26:08.448 | main | INFO  | mx.baz.conciliaciones.operaciones.utils.FSConn | Success conection to network drive: true
2025-12-26 11:26:15.920 | main | INFO  | mx.baz.conciliaciones.operaciones.dao.Impl.UploadInfoDaoImpl | Initializing file reading process...
2025-12-26 11:26:19.884 | pool-2-thread-2 | ERROR | mx.baz.conciliaciones.operaciones.dao.Impl.UploadInfoDaoImpl | DEBUG INSERT -> columna=FE_EMISI | idx=0 | valor='2025-12-24'
2025-12-26 11:26:20.568 | pool-2-thread-2 | ERROR | mx.baz.conciliaciones.operaciones.dao.Impl.UploadInfoDaoImpl | DEBUG INSERT -> columna=ENT_OFI | idx=1 | valor='01270056'
2025-12-26 11:26:21.187 | pool-2-thread-2 | ERROR | mx.baz.conciliaciones.operaciones.dao.Impl.UploadInfoDaoImpl | DEBUG INSERT -> columna=CUENTA | idx=2 | valor='9600003053'
2025-12-26 11:26:21.810 | pool-2-thread-2 | ERROR | mx.baz.conciliaciones.operaciones.dao.Impl.UploadInfoDaoImpl | DEBUG INSERT -> columna=DIGVER | idx=3 | valor='47'
2025-12-26 11:26:22.376 | pool-2-thread-2 | ERROR | mx.baz.conciliaciones.operaciones.dao.Impl.UploadInfoDaoImpl | DEBUG INSERT -> columna=MONEDA | idx=4 | valor='MXP'
2025-12-26 11:26:22.935 | pool-2-thread-2 | ERROR | mx.baz.conciliaciones.operaciones.dao.Impl.UploadInfoDaoImpl | DEBUG INSERT -> columna=GARANTIA | idx=5 | valor='212'
2025-12-26 11:26:23.468 | pool-2-thread-2 | ERROR | mx.baz.conciliaciones.operaciones.dao.Impl.UploadInfoDaoImpl | DEBUG INSERT -> columna=ESTATUS | idx=9 | valor='3'
2025-12-26 11:26:23.957 | pool-2-thread-2 | ERROR | mx.baz.conciliaciones.operaciones.dao.Impl.UploadInfoDaoImpl | DEBUG INSERT -> columna=PLAZO | idx=11 | valor='20036'
2025-12-26 11:26:24.373 | pool-2-thread-2 | ERROR | mx.baz.conciliaciones.operaciones.dao.Impl.UploadInfoDaoImpl | DEBUG INSERT -> columna=PER_CAP | idx=12 | valor='1015'
2025-12-26 11:26:24.373 | pool-2-thread-1 | ERROR | mx.baz.conciliaciones.operaciones.dao.Impl.UploadInfoDaoImpl | DEBUG INSERT -> columna=FE_EMISI | idx=0 | valor='2025-12-24'
2025-12-26 11:26:24.758 | pool-2-thread-1 | ERROR | mx.baz.conciliaciones.operaciones.dao.Impl.UploadInfoDaoImpl | DEBUG INSERT -> columna=ENT_OFI | idx=1 | valor='01270056'
2025-12-26 11:26:24.757 | pool-2-thread-2 | ERROR | mx.baz.conciliaciones.operaciones.dao.Impl.UploadInfoDaoImpl | DEBUG INSERT -> columna=PER_INT | idx=13 | valor='1015'
2025-12-26 11:26:25.061 | pool-2-thread-1 | ERROR | mx.baz.conciliaciones.operaciones.dao.Impl.UploadInfoDaoImpl | DEBUG INSERT -> columna=CUENTA | idx=2 | valor='9600001537'
2025-12-26 11:26:25.061 | pool-2-thread-2 | ERROR | mx.baz.conciliaciones.operaciones.dao.Impl.UploadInfoDaoImpl | DEBUG INSERT -> columna=FEFORM | idx=14 | valor='2004-01-30'
2025-12-26 11:26:25.492 | pool-2-thread-2 | ERROR | mx.baz.conciliaciones.operaciones.dao.Impl.UploadInfoDaoImpl | DEBUG INSERT -> columna=FEULAMO | idx=15 | valor='2007-01-31'
2025-12-26 11:26:25.492 | pool-2-thread-1 | ERROR | mx.baz.conciliaciones.operaciones.dao.Impl.UploadInfoDaoImpl | DEBUG INSERT -> columna=DIGVER | idx=3 | valor='45'
2025-12-26 11:26:26.050 | pool-2-thread-1 | ERROR | mx.baz.conciliaciones.operaciones.dao.Impl.UploadInfoDaoImpl | DEBUG INSERT -> columna=MONEDA | idx=4 | valor='MXP'
2025-12-26 11:26:26.050 | pool-2-thread-2 | ERROR | mx.baz.conciliaciones.operaciones.dao.Impl.UploadInfoDaoImpl | DEBUG INSERT -> columna=FEPROLIQ | idx=18 | valor='2007-01-31'
2025-12-26 11:26:26.517 | pool-2-thread-1 | ERROR | mx.baz.conciliaciones.operaciones.dao.Impl.UploadInfoDaoImpl | DEBUG INSERT -> columna=GARANTIA | idx=5 | valor='212'
2025-12-26 11:26:26.517 | pool-2-thread-2 | ERROR | mx.baz.conciliaciones.operaciones.dao.Impl.UploadInfoDaoImpl | DEBUG INSERT -> columna=FEULLIQ | idx=17 | valor='2007-01-31'
2025-12-26 11:26:26.791 | pool-2-thread-1 | ERROR | mx.baz.conciliaciones.operaciones.dao.Impl.UploadInfoDaoImpl | DEBUG INSERT -> columna=ESTATUS | idx=9 | valor='3'
2025-12-26 11:26:26.792 | pool-2-thread-2 | ERROR | mx.baz.conciliaciones.operaciones.dao.Impl.UploadInfoDaoImpl | DEBUG INSERT -> columna=FEPROAMO | idx=16 | valor='2007-01-31'
2025-12-26 11:26:27.226 | pool-2-thread-1 | ERROR | mx.baz.conciliaciones.operaciones.dao.Impl.UploadInfoDaoImpl | DEBUG INSERT -> columna=PLAZO | idx=11 | valor='20036'
2025-12-26 11:26:27.226 | pool-2-thread-2 | ERROR | mx.baz.conciliaciones.operaciones.dao.Impl.UploadInfoDaoImpl | DEBUG INSERT -> columna=FEVTO | idx=19 | valor='2007-01-31'
2025-12-26 11:26:27.460 | pool-2-thread-1 | ERROR | mx.baz.conciliaciones.operaciones.dao.Impl.UploadInfoDaoImpl | DEBUG INSERT -> columna=PER_CAP | idx=12 | valor='1015'
2025-12-26 11:26:27.460 | pool-2-thread-2 | ERROR | mx.baz.conciliaciones.operaciones.dao.Impl.UploadInfoDaoImpl | DEBUG INSERT -> columna=FEULPRO | idx=20 | valor='2007-01-31'
2025-12-26 11:26:27.774 | pool-2-thread-1 | ERROR | mx.baz.conciliaciones.operaciones.dao.Impl.UploadInfoDaoImpl | DEBUG INSERT -> columna=PER_INT | idx=13 | valor='1015'
2025-12-26 11:26:27.774 | pool-2-thread-2 | ERROR | mx.baz.conciliaciones.operaciones.dao.Impl.UploadInfoDaoImpl | DEBUG INSERT -> columna=FEPROPRO | idx=21 | valor='2007-02-28'
2025-12-26 11:26:28.080 | pool-2-thread-1 | ERROR | mx.baz.conciliaciones.operaciones.dao.Impl.UploadInfoDaoImpl | DEBUG INSERT -> columna=FEFORM | idx=14 | valor='2004-01-30'
2025-12-26 11:26:28.080 | pool-2-thread-2 | ERROR | mx.baz.conciliaciones.operaciones.dao.Impl.UploadInfoDaoImpl | DEBUG INSERT -> columna=TIP_CUOTA | idx=25 | valor='2'
2025-12-26 11:26:28.346 | pool-2-thread-2 | ERROR | mx.baz.conciliaciones.operaciones.dao.Impl.UploadInfoDaoImpl | DEBUG INSERT -> columna=DESCUOTA | idx=26 | valor='CAPITAL CONSTANTE'
2025-12-26 11:26:28.346 | pool-2-thread-1 | ERROR | mx.baz.conciliaciones.operaciones.dao.Impl.UploadInfoDaoImpl | DEBUG INSERT -> columna=FEULAMO | idx=15 | valor='2007-01-31'
2025-12-26 11:26:51.865 | pool-2-thread-1 | ERROR | mx.baz.conciliaciones.operaciones.dao.Impl.UploadInfoDaoImpl | DEBUG INSERT -> columna=FEPROLIQ | idx=18 | valor='2007-01-31'
2025-12-26 11:26:51.865 | pool-2-thread-2 | ERROR | mx.baz.conciliaciones.operaciones.dao.Impl.UploadInfoDaoImpl | DEBUG INSERT -> columna=TIP_TASA | idx=27 | valor='FIJA'
2025-12-26 11:26:51.868 | pool-2-thread-9 | ERROR | mx.baz.conciliaciones.operaciones.dao.Impl.UploadInfoDaoImpl | Error insertando batch: HikariPool-1 - Connection is not available, request timed out after 31973ms.
2025-12-26 11:26:51.868 | pool-2-thread-8 | ERROR | mx.baz.conciliaciones.operaciones.dao.Impl.UploadInfoDaoImpl | Error insertando batch: HikariPool-1 - Connection is not available, request timed out after 31974ms.
2025-12-26 11:26:52.910 | pool-2-thread-3 | ERROR | mx.baz.conciliaciones.operaciones.dao.Impl.UploadInfoDaoImpl | DEBUG INSERT -> columna=FE_EMISI | idx=0 | valor='2025-12-24'
2025-12-26 11:26:52.911 | pool-2-thread-5 | ERROR | mx.baz.conciliaciones.operaciones.dao.Impl.UploadInfoDaoImpl | Error insertando batch: HikariPool-1 - Connection is not available, request timed out after 35533ms.
2025-12-26 11:26:51.869 | pool-2-thread-10 | ERROR | mx.baz.conciliaciones.operaciones.dao.Impl.UploadInfoDaoImpl | Error insertando batch: HikariPool-1 - Connection is not available, request timed out after 31973ms.
2025-12-26 11:26:51.868 | pool-2-thread-4 | ERROR | mx.baz.conciliaciones.operaciones.dao.Impl.UploadInfoDaoImpl | Error insertando batch: HikariPool-1 - Connection is not available, request timed out after 35534ms.
2025-12-26 11:26:52.911 | pool-2-thread-7 | ERROR | mx.baz.conciliaciones.operaciones.dao.Impl.UploadInfoDaoImpl | Error insertando batch: HikariPool-1 - Connection is not available, request timed out after 35533ms.
2025-12-26 11:26:52.910 | pool-2-thread-2 | ERROR | mx.baz.conciliaciones.operaciones.dao.Impl.UploadInfoDaoImpl | DEBUG INSERT -> columna=TASA | idx=31 | valor=''
2025-12-26 11:26:51.868 | pool-2-thread-6 | ERROR | mx.baz.conciliaciones.operaciones.dao.Impl.UploadInfoDaoImpl | Error insertando batch: HikariPool-1 - Connection is not available, request timed out after 35533ms.
2025-12-26 11:26:52.910 | pool-2-thread-1 | ERROR | mx.baz.conciliaciones.operaciones.dao.Impl.UploadInfoDaoImpl | DEBUG INSERT -> columna=FEULLIQ | idx=17 | valor='2007-01-31'
2025-12-26 11:26:54.629 | pool-2-thread-2 | ERROR | mx.baz.conciliaciones.operaciones.dao.Impl.UploadInfoDaoImpl | DEBUG INSERT -> columna=SIT_DEUD | idx=35 | valor='NIVEL 3'
2025-12-26 11:26:54.629 | pool-2-thread-1 | ERROR | mx.baz.conciliaciones.operaciones.dao.Impl.UploadInfoDaoImpl | DEBUG INSERT -> columna=FEPROAMO | idx=16 | valor='2007-01-31'
2025-12-26 11:26:54.629 | pool-2-thread-3 | ERROR | mx.baz.conciliaciones.operaciones.dao.Impl.UploadInfoDaoImpl | DEBUG INSERT -> columna=ENT_OFI | idx=1 | valor='01270056'
2025-12-26 11:26:55.596 | pool-2-thread-1 | ERROR | mx.baz.conciliaciones.operaciones.dao.Impl.UploadInfoDaoImpl | DEBUG INSERT -> columna=FEVTO | idx=19 | valor='2007-01-31'
2025-12-26 11:26:55.596 | pool-2-thread-3 | ERROR | mx.baz.conciliaciones.operaciones.dao.Impl.UploadInfoDaoImpl | DEBUG INSERT -> columna=CUENTA | idx=2 | valor='9600003459'
2025-12-26 11:26:55.596 | pool-2-thread-2 | ERROR | mx.baz.conciliaciones.operaciones.dao.Impl.UploadInfoDaoImpl | DEBUG INSERT -> columna=DES_DEUD | idx=36 | valor='2007-12-17'
2025-12-26 11:26:56.302 | pool-2-thread-3 | ERROR | mx.baz.conciliaciones.operaciones.dao.Impl.UploadInfoDaoImpl | DEBUG INSERT -> columna=DIGVER | idx=3 | valor='49'
2025-12-26 11:26:56.302 | pool-2-thread-2 | ERROR | mx.baz.conciliaciones.operaciones.dao.Impl.UploadInfoDaoImpl | DEBUG INSERT -> columna=PRODUCTO | idx=40 | valor='0172'
2025-12-26 11:26:56.302 | pool-2-thread-1 | ERROR | mx.baz.conciliaciones.operaciones.dao.Impl.UploadInfoDaoImpl | DEBUG INSERT -> columna=FEULPRO | idx=20 | valor='2007-01-31'
2025-12-26 11:26:57.006 | pool-2-thread-2 | ERROR | mx.baz.conciliaciones.operaciones.dao.Impl.UploadInfoDaoImpl | DEBUG INSERT -> columna=SUBPROD | idx=41 | valor='**'
2025-12-26 11:26:57.006 | pool-2-thread-1 | ERROR | mx.baz.conciliaciones.operaciones.dao.Impl.UploadInfoDaoImpl | DEBUG INSERT -> columna=FEPROPRO | idx=21 | valor='2007-02-28'
2025-12-26 11:26:57.006 | pool-2-thread-3 | ERROR | mx.baz.conciliaciones.operaciones.dao.Impl.UploadInfoDaoImpl | DEBUG INSERT -> columna=MONEDA | idx=4 | valor='MXP'
2025-12-26 11:28:45.476 | pool-2-thread-3 | ERROR | mx.baz.conciliaciones.operaciones.dao.Impl.UploadInfoDaoImpl | DEBUG INSERT -> columna=GARANTIA | idx=5 | valor='212'
2025-12-26 11:28:45.476 | pool-2-thread-7 | ERROR | mx.baz.conciliaciones.operaciones.dao.Impl.UploadInfoDaoImpl | Error insertando batch: HikariPool-1 - Connection is not available, request timed out after 112566ms.
2025-12-26 11:28:45.476 | pool-2-thread-1 | ERROR | mx.baz.conciliaciones.operaciones.dao.Impl.UploadInfoDaoImpl | DEBUG INSERT -> columna=TIP_CUOTA | idx=25 | valor='2'
2025-12-26 11:28:45.476 | pool-2-thread-8 | ERROR | mx.baz.conciliaciones.operaciones.dao.Impl.UploadInfoDaoImpl | Error insertando batch: HikariPool-1 - Connection is not available, request timed out after 112568ms.
2025-12-26 11:28:45.476 | pool-2-thread-6 | ERROR | mx.baz.conciliaciones.operaciones.dao.Impl.UploadInfoDaoImpl | Error insertando batch: HikariPool-1 - Connection is not available, request timed out after 112567ms.
2025-12-26 11:28:45.476 | pool-2-thread-4 | ERROR | mx.baz.conciliaciones.operaciones.dao.Impl.UploadInfoDaoImpl | Error insertando batch: HikariPool-1 - Connection is not available, request timed out after 112567ms.
2025-12-26 11:28:45.476 | HikariPool-1 housekeeper | WARN  | com.zaxxer.hikari.pool.HikariPool | HikariPool-1 - Thread starvation or clock leap detected (housekeeper delta=1m53s613ms715µs100ns).
2025-12-26 11:28:45.476 | pool-2-thread-9 | ERROR | mx.baz.conciliaciones.operaciones.dao.Impl.UploadInfoDaoImpl | Error insertando batch: HikariPool-1 - Connection is not available, request timed out after 112568ms.
2025-12-26 11:28:45.476 | pool-2-thread-5 | ERROR | mx.baz.conciliaciones.operaciones.dao.Impl.UploadInfoDaoImpl | Error insertando batch: HikariPool-1 - Connection is not available, request timed out after 112567ms.
2025-12-26 11:28:45.482 | pool-2-thread-3 | ERROR | mx.baz.conciliaciones.operaciones.dao.Impl.UploadInfoDaoImpl | DEBUG INSERT -> columna=ESTATUS | idx=9 | valor='3'
2025-12-26 11:28:45.482 | pool-2-thread-3 | ERROR | mx.baz.conciliaciones.operaciones.dao.Impl.UploadInfoDaoImpl | DEBUG INSERT -> columna=PLAZO | idx=11 | valor='20036'
2025-12-26 11:28:45.476 | pool-2-thread-2 | ERROR | mx.baz.conciliaciones.operaciones.dao.Impl.UploadInfoDaoImpl | DEBUG INSERT -> columna=DESCSUBP | idx=42 | valor='03426860'
2025-12-26 11:28:45.480 | pool-2-thread-1 | ERROR | mx.baz.conciliaciones.operaciones.dao.Impl.UploadInfoDaoImpl | DEBUG INSERT -> columna=DESCUOTA | idx=26 | valor='CAPITAL CONSTANTE'
2025-12-26 11:28:45.480 | pool-2-thread-10 | ERROR | mx.baz.conciliaciones.operaciones.dao.Impl.UploadInfoDaoImpl | Error insertando batch: HikariPool-1 - Connection is not available, request timed out after 112567ms.
2025-12-26 11:28:45.482 | pool-2-thread-2 | ERROR | mx.baz.conciliaciones.operaciones.dao.Impl.UploadInfoDaoImpl | DEBUG INSERT -> columna=CEN_GEST | idx=43 | valor='ROBERTO SAN GERMAN SAMPABLO'
2025-12-26 11:28:45.482 | pool-2-thread-3 | ERROR | mx.baz.conciliaciones.operaciones.dao.Impl.UploadInfoDaoImpl | DEBUG INSERT -> columna=PER_CAP | idx=12 | valor='2001'
2025-12-26 11:28:45.482 | pool-2-thread-2 | ERROR | mx.baz.conciliaciones.operaciones.dao.Impl.UploadInfoDaoImpl | DEBUG INSERT -> columna=CANAL | idx=44 | valor='SASR6312202V3'
2025-12-26 11:28:45.482 | pool-2-thread-1 | ERROR | mx.baz.conciliaciones.operaciones.dao.Impl.UploadInfoDaoImpl | DEBUG INSERT -> columna=TIP_TASA | idx=27 | valor='FIJA'
2025-12-26 11:28:45.485 | pool-2-thread-1 | ERROR | mx.baz.conciliaciones.operaciones.dao.Impl.UploadInfoDaoImpl | DEBUG INSERT -> columna=TASA | idx=31 | valor=''
2025-12-26 11:28:45.482 | pool-2-thread-2 | ERROR | mx.baz.conciliaciones.operaciones.dao.Impl.UploadInfoDaoImpl | DEBUG INSERT -> columna=NUM_CTE | idx=45 | valor='01270172011501897741'
2025-12-26 11:28:45.485 | pool-2-thread-1 | ERROR | mx.baz.conciliaciones.operaciones.dao.Impl.UploadInfoDaoImpl | DEBUG INSERT -> columna=SIT_DEUD | idx=35 | valor='NIVEL 3'
2025-12-26 11:28:45.485 | pool-2-thread-2 | ERROR | mx.baz.conciliaciones.operaciones.dao.Impl.UploadInfoDaoImpl | DEBUG INSERT -> columna=NOM_CTE | idx=46 | valor='0056'
2025-12-26 11:28:45.482 | pool-2-thread-3 | ERROR | mx.baz.conciliaciones.operaciones.dao.Impl.UploadInfoDaoImpl | DEBUG INSERT -> columna=PER_INT | idx=13 | valor='2001'
2025-12-26 11:28:45.485 | pool-2-thread-1 | ERROR | mx.baz.conciliaciones.operaciones.dao.Impl.UploadInfoDaoImpl | DEBUG INSERT -> columna=DES_DEUD | idx=36 | valor='2006-07-31'
2025-12-26 11:28:45.485 | pool-2-thread-2 | ERROR | mx.baz.conciliaciones.operaciones.dao.Impl.UploadInfoDaoImpl | DEBUG INSERT -> columna=RFC | idx=47 | valor='000000000'
2025-12-26 11:28:45.485 | pool-2-thread-3 | ERROR | mx.baz.conciliaciones.operaciones.dao.Impl.UploadInfoDaoImpl | DEBUG INSERT -> columna=FEFORM | idx=14 | valor='2004-02-25'
2025-12-26 11:28:45.485 | pool-2-thread-1 | ERROR | mx.baz.conciliaciones.operaciones.dao.Impl.UploadInfoDaoImpl | DEBUG INSERT -> columna=PRODUCTO | idx=40 | valor='0410'
2025-12-26 11:28:45.485 | pool-2-thread-2 | ERROR | mx.baz.conciliaciones.operaciones.dao.Impl.UploadInfoDaoImpl | DEBUG INSERT -> columna=CTACARGO | idx=48 | valor='0000000000'
2025-12-26 11:28:45.485 | pool-2-thread-3 | ERROR | mx.baz.conciliaciones.operaciones.dao.Impl.UploadInfoDaoImpl | DEBUG INSERT -> columna=FEULAMO | idx=15 | valor='2007-03-15'
2025-12-26 11:28:45.485 | pool-2-thread-1 | ERROR | mx.baz.conciliaciones.operaciones.dao.Impl.UploadInfoDaoImpl | DEBUG INSERT -> columna=SUBPROD | idx=41 | valor='**'
2025-12-26 11:28:45.485 | pool-2-thread-1 | ERROR | mx.baz.conciliaciones.operaciones.dao.Impl.UploadInfoDaoImpl | DEBUG INSERT -> columna=DESCSUBP | idx=42 | valor='03696092'
2025-12-26 11:28:45.488 | pool-2-thread-1 | ERROR | mx.baz.conciliaciones.operaciones.dao.Impl.UploadInfoDaoImpl | DEBUG INSERT -> columna=CEN_GEST | idx=43 | valor='ERNESTO FUENTES RAMIREZ'
2025-12-26 11:28:45.485 | pool-2-thread-2 | ERROR | mx.baz.conciliaciones.operaciones.dao.Impl.UploadInfoDaoImpl | DEBUG INSERT -> columna=CAN_CRDMX | idx=49 | valor='000000000'
2025-12-26 11:28:45.488 | pool-2-thread-1 | ERROR | mx.baz.conciliaciones.operaciones.dao.Impl.UploadInfoDaoImpl | DEBUG INSERT -> columna=CANAL | idx=44 | valor='FURE771001'
2025-12-26 11:28:45.488 | pool-2-thread-2 | ERROR | mx.baz.conciliaciones.operaciones.dao.Impl.UploadInfoDaoImpl | DEBUG INSERT -> columna=SUC_CMAX | idx=50 | valor='000000056'
2025-12-26 11:28:45.488 | pool-2-thread-3 | ERROR | mx.baz.conciliaciones.operaciones.dao.Impl.UploadInfoDaoImpl | DEBUG INSERT -> columna=FEPROLIQ | idx=18 | valor='2007-03-15'
2025-12-26 11:28:45.488 | pool-2-thread-1 | ERROR | mx.baz.conciliaciones.operaciones.dao.Impl.UploadInfoDaoImpl | DEBUG INSERT -> columna=NUM_CTE | idx=45 | valor='01270410011513924124'
2025-12-26 11:28:45.488 | pool-2-thread-2 | ERROR | mx.baz.conciliaciones.operaciones.dao.Impl.UploadInfoDaoImpl | DEBUG INSERT -> columna=NOPEDIDO | idx=51 | valor='0000000000'
2025-12-26 11:28:45.505 | pool-2-thread-1 | ERROR | mx.baz.conciliaciones.operaciones.dao.Impl.UploadInfoDaoImpl | DEBUG INSERT -> columna=NOM_CTE | idx=46 | valor='0056'
2025-12-26 11:28:45.505 | pool-2-thread-3 | ERROR | mx.baz.conciliaciones.operaciones.dao.Impl.UploadInfoDaoImpl | DEBUG INSERT -> columna=FEULLIQ | idx=17 | valor='2007-03-15'
2025-12-26 11:28:45.505 | pool-2-thread-2 | ERROR | mx.baz.conciliaciones.operaciones.dao.Impl.UploadInfoDaoImpl | DEBUG INSERT -> columna=CAN_CU_CRDMX | idx=52 | valor='S'
2025-12-26 11:28:45.505 | pool-2-thread-3 | ERROR | mx.baz.conciliaciones.operaciones.dao.Impl.UploadInfoDaoImpl | DEBUG INSERT -> columna=FEPROAMO | idx=16 | valor='2007-03-15'
2025-12-26 11:28:45.505 | pool-2-thread-2 | ERROR | mx.baz.conciliaciones.operaciones.dao.Impl.UploadInfoDaoImpl | DEBUG INSERT -> columna=KEYSUC_CU_CRDMX | idx=53 | valor=''
2025-12-26 11:28:45.505 | pool-2-thread-1 | ERROR | mx.baz.conciliaciones.operaciones.dao.Impl.UploadInfoDaoImpl | DEBUG INSERT -> columna=RFC | idx=47 | valor='000000000'
2025-12-26 11:28:45.505 | pool-2-thread-2 | ERROR | mx.baz.conciliaciones.operaciones.dao.Impl.UploadInfoDaoImpl | DEBUG INSERT -> columna=CTE_CMAX | idx=54 | valor=''
2025-12-26 11:28:45.505 | pool-2-thread-3 | ERROR | mx.baz.conciliaciones.operaciones.dao.Impl.UploadInfoDaoImpl | DEBUG INSERT -> columna=FEVTO | idx=19 | valor='2007-03-15'
2025-12-26 11:28:45.505 | pool-2-thread-1 | ERROR | mx.baz.conciliaciones.operaciones.dao.Impl.UploadInfoDaoImpl | DEBUG INSERT -> columna=CTACARGO | idx=48 | valor='0000000000'
2025-12-26 11:28:45.505 | pool-2-thread-3 | ERROR | mx.baz.conciliaciones.operaciones.dao.Impl.UploadInfoDaoImpl | DEBUG INSERT -> columna=FEULPRO | idx=20 | valor='2007-02-28'
2025-12-26 11:28:45.505 | pool-2-thread-2 | ERROR | mx.baz.conciliaciones.operaciones.dao.Impl.UploadInfoDaoImpl | DEBUG INSERT -> columna=TIP_PERS | idx=60 | valor='00003'
2025-12-26 11:28:45.505 | pool-2-thread-3 | ERROR | mx.baz.conciliaciones.operaciones.dao.Impl.UploadInfoDaoImpl | DEBUG INSERT -> columna=FEPROPRO | idx=21 | valor='2007-03-31'
2025-12-26 11:28:45.505 | pool-2-thread-3 | ERROR | mx.baz.conciliaciones.operaciones.dao.Impl.UploadInfoDaoImpl | DEBUG INSERT -> columna=TIP_CUOTA | idx=25 | valor='2'
2025-12-26 11:28:45.505 | pool-2-thread-1 | ERROR | mx.baz.conciliaciones.operaciones.dao.Impl.UploadInfoDaoImpl | DEBUG INSERT -> columna=CAN_CRDMX | idx=49 | valor='000000000'
2025-12-26 11:28:45.505 | pool-2-thread-2 | ERROR | mx.baz.conciliaciones.operaciones.dao.Impl.UploadInfoDaoImpl | DEBUG INSERT -> columna=MUNIC_POB | idx=61 | valor=''
2025-12-26 11:28:45.505 | pool-2-thread-3 | ERROR | mx.baz.conciliaciones.operaciones.dao.Impl.UploadInfoDaoImpl | DEBUG INSERT -> columna=DESCUOTA | idx=26 | valor='CAPITAL CONSTANTE'
2025-12-26 11:28:45.507 | pool-2-thread-1 | ERROR | mx.baz.conciliaciones.operaciones.dao.Impl.UploadInfoDaoImpl | DEBUG INSERT -> columna=SUC_CMAX | idx=50 | valor='000000056'
2025-12-26 11:28:45.507 | pool-2-thread-2 | ERROR | mx.baz.conciliaciones.operaciones.dao.Impl.UploadInfoDaoImpl | DEBUG INSERT -> columna=SEXO | idx=62 | valor=''
2025-12-26 11:28:45.507 | pool-2-thread-3 | ERROR | mx.baz.conciliaciones.operaciones.dao.Impl.UploadInfoDaoImpl | DEBUG INSERT -> columna=TIP_TASA | idx=27 | valor='FIJA'
2025-12-26 11:28:45.507 | pool-2-thread-1 | ERROR | mx.baz.conciliaciones.operaciones.dao.Impl.UploadInfoDaoImpl | DEBUG INSERT -> columna=NOPEDIDO | idx=51 | valor='0000000000'
2025-12-26 11:28:45.507 | pool-2-thread-2 | ERROR | mx.baz.conciliaciones.operaciones.dao.Impl.UploadInfoDaoImpl | DEBUG INSERT -> columna=FECH_NAC | idx=63 | valor='CANCONT'
2025-12-26 11:28:45.508 | pool-2-thread-3 | ERROR | mx.baz.conciliaciones.operaciones.dao.Impl.UploadInfoDaoImpl | DEBUG INSERT -> columna=TASA | idx=31 | valor=''
2025-12-26 11:28:45.508 | pool-2-thread-1 | ERROR | mx.baz.conciliaciones.operaciones.dao.Impl.UploadInfoDaoImpl | DEBUG INSERT -> columna=CAN_CU_CRDMX | idx=52 | valor='N'
2025-12-26 11:28:45.508 | pool-2-thread-2 | ERROR | mx.baz.conciliaciones.operaciones.dao.Impl.UploadInfoDaoImpl | DEBUG INSERT -> columna=CICLO | idx=74 | valor='V0N'
2025-12-26 11:28:45.508 | pool-2-thread-1 | ERROR | mx.baz.conciliaciones.operaciones.dao.Impl.UploadInfoDaoImpl | DEBUG INSERT -> columna=KEYSUC_CU_CRDMX | idx=53 | valor=''
2025-12-26 11:28:45.508 | pool-2-thread-3 | ERROR | mx.baz.conciliaciones.operaciones.dao.Impl.UploadInfoDaoImpl | DEBUG INSERT -> columna=SIT_DEUD | idx=35 | valor='NIVEL 3'
2025-12-26 11:28:45.508 | pool-2-thread-2 | ERROR | mx.baz.conciliaciones.operaciones.dao.Impl.UploadInfoDaoImpl | DEBUG INSERT -> columna=CUOTA | idx=103 | valor='000000000000000'
2025-12-26 11:28:45.508 | pool-2-thread-1 | ERROR | mx.baz.conciliaciones.operaciones.dao.Impl.UploadInfoDaoImpl | DEBUG INSERT -> columna=CTE_CMAX | idx=54 | valor=''
2025-12-26 11:28:45.508 | pool-2-thread-3 | ERROR | mx.baz.conciliaciones.operaciones.dao.Impl.UploadInfoDaoImpl | DEBUG INSERT -> columna=DES_DEUD | idx=36 | valor='2007-04-16'
2025-12-26 11:28:45.508 | pool-2-thread-2 | ERROR | mx.baz.conciliaciones.operaciones.dao.Impl.UploadInfoDaoImpl | DEBUG INSERT -> columna=IMPCONCEP | idx=108 | valor='000000000000000'
2025-12-26 11:28:45.508 | pool-2-thread-1 | ERROR | mx.baz.conciliaciones.operaciones.dao.Impl.UploadInfoDaoImpl | DEBUG INSERT -> columna=TIP_PERS | idx=60 | valor='00003'
2025-12-26 11:28:45.508 | pool-2-thread-3 | ERROR | mx.baz.conciliaciones.operaciones.dao.Impl.UploadInfoDaoImpl | DEBUG INSERT -> columna=PRODUCTO | idx=40 | valor='0410'
2025-12-26 11:28:45.508 | pool-2-thread-2 | ERROR | mx.baz.conciliaciones.operaciones.dao.Impl.UploadInfoDaoImpl | DEBUG INSERT -> columna=IMPCONCEF | idx=109 | valor='000000000000000'
2025-12-26 11:28:45.508 | pool-2-thread-1 | ERROR | mx.baz.conciliaciones.operaciones.dao.Impl.UploadInfoDaoImpl | DEBUG INSERT -> columna=MUNIC_POB | idx=61 | valor=''
2025-12-26 11:28:45.508 | pool-2-thread-3 | ERROR | mx.baz.conciliaciones.operaciones.dao.Impl.UploadInfoDaoImpl | DEBUG INSERT -> columna=SUBPROD | idx=41 | valor='**'
2025-12-26 11:28:45.508 | pool-2-thread-1 | ERROR | mx.baz.conciliaciones.operaciones.dao.Impl.UploadInfoDaoImpl | DEBUG INSERT -> columna=SEXO | idx=62 | valor=''
2025-12-26 11:28:45.508 | pool-2-thread-2 | ERROR | mx.baz.conciliaciones.operaciones.dao.Impl.UploadInfoDaoImpl | DEBUG INSERT -> columna=CAP_VIGRP | idx=110 | valor='000000000045869'
2025-12-26 11:28:45.508 | pool-2-thread-3 | ERROR | mx.baz.conciliaciones.operaciones.dao.Impl.UploadInfoDaoImpl | DEBUG INSERT -> columna=DESCSUBP | idx=42 | valor='03558470'
2025-12-26 11:28:45.508 | pool-2-thread-2 | ERROR | mx.baz.conciliaciones.operaciones.dao.Impl.UploadInfoDaoImpl | DEBUG INSERT -> columna=CAP_VIGRF | idx=111 | valor='000000000000000'
2025-12-26 11:28:45.508 | pool-2-thread-1 | ERROR | mx.baz.conciliaciones.operaciones.dao.Impl.UploadInfoDaoImpl | DEBUG INSERT -> columna=FECH_NAC | idx=63 | valor='CANCONT'
2025-12-26 11:28:45.508 | pool-2-thread-2 | ERROR | mx.baz.conciliaciones.operaciones.dao.Impl.UploadInfoDaoImpl | DEBUG INSERT -> columna=CAP_EXIGP | idx=112 | valor='000000000117108'
2025-12-26 11:28:45.508 | pool-2-thread-2 | ERROR | mx.baz.conciliaciones.operaciones.dao.Impl.UploadInfoDaoImpl | DEBUG INSERT -> columna=CAP_EXIGF | idx=113 | valor='000000000000000'
2025-12-26 11:28:45.508 | pool-2-thread-3 | ERROR | mx.baz.conciliaciones.operaciones.dao.Impl.UploadInfoDaoImpl | DEBUG INSERT -> columna=CEN_GEST | idx=43 | valor='ALFREDO MARTEL HERNANDEZ'
2025-12-26 11:28:45.508 | pool-2-thread-1 | ERROR | mx.baz.conciliaciones.operaciones.dao.Impl.UploadInfoDaoImpl | DEBUG INSERT -> columna=CICLO | idx=74 | valor='V0N'
2025-12-26 11:28:45.508 | pool-2-thread-3 | ERROR | mx.baz.conciliaciones.operaciones.dao.Impl.UploadInfoDaoImpl | DEBUG INSERT -> columna=CANAL | idx=44 | valor='MAHA770806589'
2025-12-26 11:28:45.508 | pool-2-thread-1 | ERROR | mx.baz.conciliaciones.operaciones.dao.Impl.UploadInfoDaoImpl | DEBUG INSERT -> columna=CUOTA | idx=103 | valor='000000000000000'
2025-12-26 11:28:45.508 | pool-2-thread-2 | ERROR | mx.baz.conciliaciones.operaciones.dao.Impl.UploadInfoDaoImpl | DEBUG INSERT -> columna=SDO_REALP | idx=118 | valor='000000013350000'
2025-12-26 11:28:45.508 | pool-2-thread-3 | ERROR | mx.baz.conciliaciones.operaciones.dao.Impl.UploadInfoDaoImpl | DEBUG INSERT -> columna=NUM_CTE | idx=45 | valor='01270410011505679622'
2025-12-26 11:28:45.508 | pool-2-thread-2 | ERROR | mx.baz.conciliaciones.operaciones.dao.Impl.UploadInfoDaoImpl | DEBUG INSERT -> columna=SDO_REALF | idx=119 | valor='000000000000000'
2025-12-26 11:28:45.508 | pool-2-thread-1 | ERROR | mx.baz.conciliaciones.operaciones.dao.Impl.UploadInfoDaoImpl | DEBUG INSERT -> columna=IMPCONCEP | idx=108 | valor='000000000000000'
2025-12-26 11:28:45.508 | pool-2-thread-2 | ERROR | mx.baz.conciliaciones.operaciones.dao.Impl.UploadInfoDaoImpl | DEBUG INSERT -> columna=INT_VIGP | idx=122 | valor='000000000000000'
2025-12-26 11:28:45.508 | pool-2-thread-1 | ERROR | mx.baz.conciliaciones.operaciones.dao.Impl.UploadInfoDaoImpl | DEBUG INSERT -> columna=IMPCONCEF | idx=109 | valor='000000000000000'
2025-12-26 11:28:45.508 | pool-2-thread-3 | ERROR | mx.baz.conciliaciones.operaciones.dao.Impl.UploadInfoDaoImpl | DEBUG INSERT -> columna=NOM_CTE | idx=46 | valor='0056'
2025-12-26 11:28:45.508 | pool-2-thread-2 | ERROR | mx.baz.conciliaciones.operaciones.dao.Impl.UploadInfoDaoImpl | DEBUG INSERT -> columna=INT_VIGF | idx=123 | valor='000000000000000'
2025-12-26 11:28:45.508 | pool-2-thread-1 | ERROR | mx.baz.conciliaciones.operaciones.dao.Impl.UploadInfoDaoImpl | DEBUG INSERT -> columna=CAP_VIGRP | idx=110 | valor='000000000058057'
2025-12-26 11:28:45.508 | pool-2-thread-3 | ERROR | mx.baz.conciliaciones.operaciones.dao.Impl.UploadInfoDaoImpl | DEBUG INSERT -> columna=RFC | idx=47 | valor='000000000'
2025-12-26 11:28:45.508 | pool-2-thread-2 | ERROR | mx.baz.conciliaciones.operaciones.dao.Impl.UploadInfoDaoImpl | DEBUG INSERT -> columna=SEGUROS | idx=132 | valor='000000001846814'
2025-12-26 11:28:45.508 | pool-2-thread-3 | ERROR | mx.baz.conciliaciones.operaciones.dao.Impl.UploadInfoDaoImpl | DEBUG INSERT -> columna=CTACARGO | idx=48 | valor='0000000000'
2025-12-26 11:28:45.508 | pool-2-thread-1 | ERROR | mx.baz.conciliaciones.operaciones.dao.Impl.UploadInfoDaoImpl | DEBUG INSERT -> columna=CAP_VIGRF | idx=111 | valor='000000000000000'
2025-12-26 11:28:45.508 | pool-2-thread-3 | ERROR | mx.baz.conciliaciones.operaciones.dao.Impl.UploadInfoDaoImpl | DEBUG INSERT -> columna=CAN_CRDMX | idx=49 | valor='000000000'
2025-12-26 11:28:45.508 | pool-2-thread-2 | ERROR | mx.baz.conciliaciones.operaciones.dao.Impl.UploadInfoDaoImpl | DEBUG INSERT -> columna=RESP_TOT | idx=135 | valor='2007-12-17'
2025-12-26 11:28:45.508 | pool-2-thread-1 | ERROR | mx.baz.conciliaciones.operaciones.dao.Impl.UploadInfoDaoImpl | DEBUG INSERT -> columna=CAP_EXIGP | idx=112 | valor='000000000048564'
2025-12-26 11:28:45.508 | pool-2-thread-3 | ERROR | mx.baz.conciliaciones.operaciones.dao.Impl.UploadInfoDaoImpl | DEBUG INSERT -> columna=SUC_CMAX | idx=50 | valor='000000056'
2025-12-26 11:28:45.508 | pool-2-thread-1 | ERROR | mx.baz.conciliaciones.operaciones.dao.Impl.UploadInfoDaoImpl | DEBUG INSERT -> columna=CAP_EXIGF | idx=113 | valor='000000000000000'
2025-12-26 11:28:45.508 | pool-2-thread-3 | ERROR | mx.baz.conciliaciones.operaciones.dao.Impl.UploadInfoDaoImpl | DEBUG INSERT -> columna=NOPEDIDO | idx=51 | valor='0000000000'
2025-12-26 11:28:45.508 | pool-2-thread-2 | ERROR | mx.baz.conciliaciones.operaciones.dao.Impl.UploadInfoDaoImpl | DEBUG INSERT -> columna=IMP_GTIA | idx=136 | valor='0'
2025-12-26 11:28:45.508 | pool-2-thread-1 | ERROR | mx.baz.conciliaciones.operaciones.dao.Impl.UploadInfoDaoImpl | DEBUG INSERT -> columna=SDO_REALP | idx=118 | valor='000000012177100'
2025-12-26 11:28:45.508 | pool-2-thread-3 | ERROR | mx.baz.conciliaciones.operaciones.dao.Impl.UploadInfoDaoImpl | DEBUG INSERT -> columna=CAN_CU_CRDMX | idx=52 | valor='S'
2025-12-26 11:28:45.508 | pool-2-thread-1 | ERROR | mx.baz.conciliaciones.operaciones.dao.Impl.UploadInfoDaoImpl | DEBUG INSERT -> columna=SDO_REALF | idx=119 | valor='000000000000000'
2025-12-26 11:28:45.508 | pool-2-thread-2 | ERROR | mx.baz.conciliaciones.operaciones.dao.Impl.UploadInfoDaoImpl | DEBUG INSERT -> columna=SEM_ATRASO | idx=156 | valor='000000000000000'
2025-12-26 11:28:45.508 | pool-2-thread-1 | ERROR | mx.baz.conciliaciones.operaciones.dao.Impl.UploadInfoDaoImpl | DEBUG INSERT -> columna=INT_VIGP | idx=122 | valor='000000000000000'
2025-12-26 11:28:45.508 | pool-2-thread-2 | ERROR | mx.baz.conciliaciones.operaciones.dao.Impl.UploadInfoDaoImpl | DEBUG INSERT -> columna=CONTROL | idx=73 | valor=''
2025-12-26 11:28:45.508 | pool-2-thread-3 | ERROR | mx.baz.conciliaciones.operaciones.dao.Impl.UploadInfoDaoImpl | DEBUG INSERT -> columna=KEYSUC_CU_CRDMX | idx=53 | valor=''
2025-12-26 11:28:45.508 | pool-2-thread-1 | ERROR | mx.baz.conciliaciones.operaciones.dao.Impl.UploadInfoDaoImpl | DEBUG INSERT -> columna=INT_VIGF | idx=123 | valor='000000000000000'
2025-12-26 11:28:45.508 | pool-2-thread-3 | ERROR | mx.baz.conciliaciones.operaciones.dao.Impl.UploadInfoDaoImpl | DEBUG INSERT -> columna=CTE_CMAX | idx=54 | valor=''
2025-12-26 11:28:45.508 | pool-2-thread-1 | ERROR | mx.baz.conciliaciones.operaciones.dao.Impl.UploadInfoDaoImpl | DEBUG INSERT -> columna=SEGUROS | idx=132 | valor='000000001444304'
2025-12-26 11:28:45.508 | pool-2-thread-3 | ERROR | mx.baz.conciliaciones.operaciones.dao.Impl.UploadInfoDaoImpl | DEBUG INSERT -> columna=TIP_PERS | idx=60 | valor='00003'
2025-12-26 11:28:45.508 | pool-2-thread-1 | ERROR | mx.baz.conciliaciones.operaciones.dao.Impl.UploadInfoDaoImpl | DEBUG INSERT -> columna=RESP_TOT | idx=135 | valor='2006-09-15'
2025-12-26 11:28:45.508 | pool-2-thread-3 | ERROR | mx.baz.conciliaciones.operaciones.dao.Impl.UploadInfoDaoImpl | DEBUG INSERT -> columna=MUNIC_POB | idx=61 | valor=''
2025-12-26 11:28:45.508 | pool-2-thread-1 | ERROR | mx.baz.conciliaciones.operaciones.dao.Impl.UploadInfoDaoImpl | DEBUG INSERT -> columna=IMP_GTIA | idx=136 | valor='0'
2025-12-26 11:28:45.508 | pool-2-thread-3 | ERROR | mx.baz.conciliaciones.operaciones.dao.Impl.UploadInfoDaoImpl | DEBUG INSERT -> columna=SEXO | idx=62 | valor=''
2025-12-26 11:28:45.508 | pool-2-thread-1 | ERROR | mx.baz.conciliaciones.operaciones.dao.Impl.UploadInfoDaoImpl | DEBUG INSERT -> columna=SEM_ATRASO | idx=156 | valor='000000000000000'
2025-12-26 11:28:45.508 | pool-2-thread-3 | ERROR | mx.baz.conciliaciones.operaciones.dao.Impl.UploadInfoDaoImpl | DEBUG INSERT -> columna=FECH_NAC | idx=63 | valor='CANCONT'
2025-12-26 11:28:45.508 | pool-2-thread-1 | ERROR | mx.baz.conciliaciones.operaciones.dao.Impl.UploadInfoDaoImpl | DEBUG INSERT -> columna=CONTROL | idx=73 | valor=''
2025-12-26 11:28:45.508 | pool-2-thread-3 | ERROR | mx.baz.conciliaciones.operaciones.dao.Impl.UploadInfoDaoImpl | DEBUG INSERT -> columna=CICLO | idx=74 | valor='V0N'
2025-12-26 11:28:45.508 | pool-2-thread-3 | ERROR | mx.baz.conciliaciones.operaciones.dao.Impl.UploadInfoDaoImpl | DEBUG INSERT -> columna=CUOTA | idx=103 | valor='000000000000000'
2025-12-26 11:28:45.508 | pool-2-thread-3 | ERROR | mx.baz.conciliaciones.operaciones.dao.Impl.UploadInfoDaoImpl | DEBUG INSERT -> columna=IMPCONCEP | idx=108 | valor='000000000000000'
2025-12-26 11:28:45.508 | pool-2-thread-3 | ERROR | mx.baz.conciliaciones.operaciones.dao.Impl.UploadInfoDaoImpl | DEBUG INSERT -> columna=IMPCONCEF | idx=109 | valor='000000000000000'
2025-12-26 11:28:45.508 | pool-2-thread-3 | ERROR | mx.baz.conciliaciones.operaciones.dao.Impl.UploadInfoDaoImpl | DEBUG INSERT -> columna=CAP_VIGRP | idx=110 | valor='000000000008136'
2025-12-26 11:28:45.508 | pool-2-thread-3 | ERROR | mx.baz.conciliaciones.operaciones.dao.Impl.UploadInfoDaoImpl | DEBUG INSERT -> columna=CAP_VIGRF | idx=111 | valor='000000000000000'
2025-12-26 11:28:45.508 | pool-2-thread-3 | ERROR | mx.baz.conciliaciones.operaciones.dao.Impl.UploadInfoDaoImpl | DEBUG INSERT -> columna=CAP_EXIGP | idx=112 | valor='000000000000000'
2025-12-26 11:28:45.508 | pool-2-thread-3 | ERROR | mx.baz.conciliaciones.operaciones.dao.Impl.UploadInfoDaoImpl | DEBUG INSERT -> columna=CAP_EXIGF | idx=113 | valor='000000000000000'
2025-12-26 11:28:45.508 | pool-2-thread-3 | ERROR | mx.baz.conciliaciones.operaciones.dao.Impl.UploadInfoDaoImpl | DEBUG INSERT -> columna=SDO_REALP | idx=118 | valor='000000014900000'
2025-12-26 11:28:45.508 | pool-2-thread-3 | ERROR | mx.baz.conciliaciones.operaciones.dao.Impl.UploadInfoDaoImpl | DEBUG INSERT -> columna=SDO_REALF | idx=119 | valor='000000000000000'
2025-12-26 11:28:45.508 | pool-2-thread-3 | ERROR | mx.baz.conciliaciones.operaciones.dao.Impl.UploadInfoDaoImpl | DEBUG INSERT -> columna=INT_VIGP | idx=122 | valor='000000000000000'
2025-12-26 11:28:45.508 | pool-2-thread-3 | ERROR | mx.baz.conciliaciones.operaciones.dao.Impl.UploadInfoDaoImpl | DEBUG INSERT -> columna=INT_VIGF | idx=123 | valor='000000000000000'
2025-12-26 11:28:45.517 | pool-2-thread-3 | ERROR | mx.baz.conciliaciones.operaciones.dao.Impl.UploadInfoDaoImpl | DEBUG INSERT -> columna=SEGUROS | idx=132 | valor='000000000418348'
2025-12-26 11:28:45.517 | pool-2-thread-3 | ERROR | mx.baz.conciliaciones.operaciones.dao.Impl.UploadInfoDaoImpl | DEBUG INSERT -> columna=RESP_TOT | idx=135 | valor='2007-02-23'
2025-12-26 11:28:45.517 | pool-2-thread-3 | ERROR | mx.baz.conciliaciones.operaciones.dao.Impl.UploadInfoDaoImpl | DEBUG INSERT -> columna=IMP_GTIA | idx=136 | valor='0'
2025-12-26 11:28:45.517 | pool-2-thread-3 | ERROR | mx.baz.conciliaciones.operaciones.dao.Impl.UploadInfoDaoImpl | DEBUG INSERT -> columna=SEM_ATRASO | idx=156 | valor='000000000000000'
2025-12-26 11:28:45.517 | pool-2-thread-3 | ERROR | mx.baz.conciliaciones.operaciones.dao.Impl.UploadInfoDaoImpl | DEBUG INSERT -> columna=CONTROL | idx=73 | valor=''
2025-12-26 11:29:48.210 | main | INFO  | mx.baz.conciliaciones.operaciones.dao.Impl.UploadInfoDaoImpl | File read successfully: C:\CREDITOJOBS\BATCREDITO\application.properties
2025-12-26 11:29:48.229 | main | INFO  | mx.baz.conciliaciones.operaciones.AppUploadInfo | Start the information loading process,
2025-12-26 11:29:53.132 | main | INFO  | mx.baz.conciliaciones.operaciones.AppUploadInfo | Connected to database successfully
2025-12-26 11:29:53.133 | main | INFO  | mx.baz.conciliaciones.operaciones.dao.Impl.UploadInfoDaoImpl | Get data for path
2025-12-26 11:29:53.702 | main | INFO  | mx.baz.conciliaciones.operaciones.AppUploadInfo | Route file: PathInfo(job=CARTERADELIM, ip=10.53.80.16, path=BackOfficeBaz\Operaciones\Operacion\Credito\MonitoreosDiarios, file=BAT1SB60.RESUMEN.CARTERADELIM.D, domain=PRODUCCIONBA, user=BusrConc, password=NuevaRepAln/094)
2025-12-26 11:29:53.751 | main | INFO  | mx.baz.conciliaciones.operaciones.utils.FSConn | URI: \\10.53.80.16\BackOfficeBaz\Operaciones\Operacion\Credito\MonitoreosDiarios\BAT1SB60.RESUMEN.CARTERADELIM.D251224
2025-12-26 11:29:53.751 | main | INFO  | mx.baz.conciliaciones.operaciones.utils.FSConn | URN: \\10.53.80.16\BackOfficeBaz\Operaciones\Operacion\Credito\MonitoreosDiarios
2025-12-26 11:29:53.751 | main | INFO  | mx.baz.conciliaciones.operaciones.utils.FSConn | IP: 10.53.80.16
2025-12-26 11:29:53.751 | main | INFO  | mx.baz.conciliaciones.operaciones.utils.FSConn | Path: BackOfficeBaz\Operaciones\Operacion\Credito\MonitoreosDiarios
2025-12-26 11:29:53.751 | main | INFO  | mx.baz.conciliaciones.operaciones.utils.FSConn | File: BAT1SB60.RESUMEN.CARTERADELIM.D251224
2025-12-26 11:29:53.751 | main | INFO  | mx.baz.conciliaciones.operaciones.utils.FSConn | User and Domain: PRODUCCIONBA\BusrConc
2025-12-26 11:30:01.379 | main | INFO  | mx.baz.conciliaciones.operaciones.utils.FSConn | Command: net use A: \\10.53.80.16\BackOfficeBaz\Operaciones\Operacion\Credito\MonitoreosDiarios NuevaRepAln/094 /user:PRODUCCIONBA\BusrConc
2025-12-26 11:30:02.471 | main | INFO  | mx.baz.conciliaciones.operaciones.utils.FSConn | Success conection to network drive: true
2025-12-26 11:30:08.587 | main | INFO  | mx.baz.conciliaciones.operaciones.dao.Impl.UploadInfoDaoImpl | Initializing file reading process...
2025-12-26 11:30:11.686 | pool-2-thread-1 | ERROR | mx.baz.conciliaciones.operaciones.dao.Impl.UploadInfoDaoImpl | DEBUG INSERT -> columna=FE_EMISI | idx=0 | valor='2025-12-24'
2025-12-26 11:30:12.390 | pool-2-thread-1 | ERROR | mx.baz.conciliaciones.operaciones.dao.Impl.UploadInfoDaoImpl | DEBUG INSERT -> columna=ENT_OFI | idx=1 | valor='01270056'
2025-12-26 11:30:12.883 | pool-2-thread-1 | ERROR | mx.baz.conciliaciones.operaciones.dao.Impl.UploadInfoDaoImpl | DEBUG INSERT -> columna=CUENTA | idx=2 | valor='9600001537'
2025-12-26 11:30:13.432 | pool-2-thread-1 | ERROR | mx.baz.conciliaciones.operaciones.dao.Impl.UploadInfoDaoImpl | DEBUG INSERT -> columna=DIGVER | idx=3 | valor='45'
2025-12-26 11:30:13.899 | pool-2-thread-1 | ERROR | mx.baz.conciliaciones.operaciones.dao.Impl.UploadInfoDaoImpl | DEBUG INSERT -> columna=MONEDA | idx=4 | valor='MXP'
2025-12-26 11:30:14.245 | pool-2-thread-1 | ERROR | mx.baz.conciliaciones.operaciones.dao.Impl.UploadInfoDaoImpl | DEBUG INSERT -> columna=GARANTIA | idx=5 | valor='212'
2025-12-26 11:30:14.576 | pool-2-thread-1 | ERROR | mx.baz.conciliaciones.operaciones.dao.Impl.UploadInfoDaoImpl | DEBUG INSERT -> columna=ESTATUS | idx=9 | valor='3'
2025-12-26 11:30:14.883 | pool-2-thread-1 | ERROR | mx.baz.conciliaciones.operaciones.dao.Impl.UploadInfoDaoImpl | DEBUG INSERT -> columna=PLAZO | idx=11 | valor='20036'
2025-12-26 11:30:15.168 | pool-2-thread-1 | ERROR | mx.baz.conciliaciones.operaciones.dao.Impl.UploadInfoDaoImpl | DEBUG INSERT -> columna=PER_CAP | idx=12 | valor='1015'
2025-12-26 11:30:15.423 | pool-2-thread-1 | ERROR | mx.baz.conciliaciones.operaciones.dao.Impl.UploadInfoDaoImpl | DEBUG INSERT -> columna=PER_INT | idx=13 | valor='1015'
2025-12-26 11:30:15.721 | pool-2-thread-1 | ERROR | mx.baz.conciliaciones.operaciones.dao.Impl.UploadInfoDaoImpl | DEBUG INSERT -> columna=FEFORM | idx=14 | valor='2004-01-30'
2025-12-26 11:30:16.015 | pool-2-thread-1 | ERROR | mx.baz.conciliaciones.operaciones.dao.Impl.UploadInfoDaoImpl | DEBUG INSERT -> columna=FEULAMO | idx=15 | valor='2007-01-31'
2025-12-26 11:30:16.312 | pool-2-thread-1 | ERROR | mx.baz.conciliaciones.operaciones.dao.Impl.UploadInfoDaoImpl | DEBUG INSERT -> columna=FEPROLIQ | idx=18 | valor='2007-01-31'
2025-12-26 11:30:16.544 | pool-2-thread-1 | ERROR | mx.baz.conciliaciones.operaciones.dao.Impl.UploadInfoDaoImpl | DEBUG INSERT -> columna=FEULLIQ | idx=17 | valor='2007-01-31'
2025-12-26 11:30:16.805 | pool-2-thread-1 | ERROR | mx.baz.conciliaciones.operaciones.dao.Impl.UploadInfoDaoImpl | DEBUG INSERT -> columna=FEPROAMO | idx=16 | valor='2007-01-31'
2025-12-26 11:30:17.079 | pool-2-thread-1 | ERROR | mx.baz.conciliaciones.operaciones.dao.Impl.UploadInfoDaoImpl | DEBUG INSERT -> columna=FEVTO | idx=19 | valor='2007-01-31'
2025-12-26 11:30:17.384 | pool-2-thread-1 | ERROR | mx.baz.conciliaciones.operaciones.dao.Impl.UploadInfoDaoImpl | DEBUG INSERT -> columna=FEULPRO | idx=20 | valor='2007-01-31'
2025-12-26 11:30:17.666 | pool-2-thread-1 | ERROR | mx.baz.conciliaciones.operaciones.dao.Impl.UploadInfoDaoImpl | DEBUG INSERT -> columna=FEPROPRO | idx=21 | valor='2007-02-28'
2025-12-26 11:30:17.934 | pool-2-thread-1 | ERROR | mx.baz.conciliaciones.operaciones.dao.Impl.UploadInfoDaoImpl | DEBUG INSERT -> columna=TIP_CUOTA | idx=25 | valor='2'
2025-12-26 11:30:18.201 | pool-2-thread-1 | ERROR | mx.baz.conciliaciones.operaciones.dao.Impl.UploadInfoDaoImpl | DEBUG INSERT -> columna=DESCUOTA | idx=26 | valor='CAPITAL CONSTANTE'
2025-12-26 11:30:18.456 | pool-2-thread-1 | ERROR | mx.baz.conciliaciones.operaciones.dao.Impl.UploadInfoDaoImpl | DEBUG INSERT -> columna=TIP_TASA | idx=27 | valor='FIJA'
2025-12-26 11:30:18.709 | pool-2-thread-1 | ERROR | mx.baz.conciliaciones.operaciones.dao.Impl.UploadInfoDaoImpl | DEBUG INSERT -> columna=TASA | idx=31 | valor=''
2025-12-26 11:30:18.964 | pool-2-thread-1 | ERROR | mx.baz.conciliaciones.operaciones.dao.Impl.UploadInfoDaoImpl | DEBUG INSERT -> columna=SIT_DEUD | idx=34 | valor='N3'
2025-12-26 11:30:19.218 | pool-2-thread-1 | ERROR | mx.baz.conciliaciones.operaciones.dao.Impl.UploadInfoDaoImpl | DEBUG INSERT -> columna=DES_DEUD | idx=35 | valor='NIVEL 3'
2025-12-26 11:30:19.472 | pool-2-thread-1 | ERROR | mx.baz.conciliaciones.operaciones.dao.Impl.UploadInfoDaoImpl | DEBUG INSERT -> columna=PRODUCTO | idx=40 | valor='0410'
2025-12-26 11:30:19.697 | pool-2-thread-1 | ERROR | mx.baz.conciliaciones.operaciones.dao.Impl.UploadInfoDaoImpl | DEBUG INSERT -> columna=SUBPROD | idx=41 | valor='**'
2025-12-26 11:30:19.966 | pool-2-thread-1 | ERROR | mx.baz.conciliaciones.operaciones.dao.Impl.UploadInfoDaoImpl | DEBUG INSERT -> columna=DESCSUBP | idx=42 | valor='03696092'
2025-12-26 11:30:20.297 | pool-2-thread-1 | ERROR | mx.baz.conciliaciones.operaciones.dao.Impl.UploadInfoDaoImpl | DEBUG INSERT -> columna=CEN_GEST | idx=43 | valor='ERNESTO FUENTES RAMIREZ'
2025-12-26 11:30:20.890 | pool-2-thread-1 | ERROR | mx.baz.conciliaciones.operaciones.dao.Impl.UploadInfoDaoImpl | DEBUG INSERT -> columna=CANAL | idx=44 | valor='FURE771001'
2025-12-26 11:30:21.343 | pool-2-thread-1 | ERROR | mx.baz.conciliaciones.operaciones.dao.Impl.UploadInfoDaoImpl | DEBUG INSERT -> columna=NUM_CTE | idx=45 | valor='01270410011513924124'
2025-12-26 11:30:21.793 | pool-2-thread-1 | ERROR | mx.baz.conciliaciones.operaciones.dao.Impl.UploadInfoDaoImpl | DEBUG INSERT -> columna=NOM_CTE | idx=46 | valor='0056'
2025-12-26 11:30:22.392 | pool-2-thread-1 | ERROR | mx.baz.conciliaciones.operaciones.dao.Impl.UploadInfoDaoImpl | DEBUG INSERT -> columna=RFC | idx=47 | valor='000000000'
2025-12-26 11:30:22.900 | pool-2-thread-1 | ERROR | mx.baz.conciliaciones.operaciones.dao.Impl.UploadInfoDaoImpl | DEBUG INSERT -> columna=CTACARGO | idx=48 | valor='0000000000'
2025-12-26 11:30:23.388 | pool-2-thread-1 | ERROR | mx.baz.conciliaciones.operaciones.dao.Impl.UploadInfoDaoImpl | DEBUG INSERT -> columna=CAN_CRDMX | idx=49 | valor='000000000'
2025-12-26 11:30:23.774 | pool-2-thread-1 | ERROR | mx.baz.conciliaciones.operaciones.dao.Impl.UploadInfoDaoImpl | DEBUG INSERT -> columna=SUC_CMAX | idx=50 | valor='000000056'
2025-12-26 11:30:24.183 | pool-2-thread-1 | ERROR | mx.baz.conciliaciones.operaciones.dao.Impl.UploadInfoDaoImpl | DEBUG INSERT -> columna=NOPEDIDO | idx=51 | valor='0000000000'
2025-12-26 11:30:24.615 | pool-2-thread-1 | ERROR | mx.baz.conciliaciones.operaciones.dao.Impl.UploadInfoDaoImpl | DEBUG INSERT -> columna=CAN_CU_CRDMX | idx=52 | valor='N'
2025-12-26 11:30:25.057 | pool-2-thread-1 | ERROR | mx.baz.conciliaciones.operaciones.dao.Impl.UploadInfoDaoImpl | DEBUG INSERT -> columna=KEYSUC_CU_CRDMX | idx=53 | valor=''
2025-12-26 11:30:25.514 | pool-2-thread-1 | ERROR | mx.baz.conciliaciones.operaciones.dao.Impl.UploadInfoDaoImpl | DEBUG INSERT -> columna=CTE_CMAX | idx=54 | valor=''
2025-12-26 11:30:26.005 | pool-2-thread-1 | ERROR | mx.baz.conciliaciones.operaciones.dao.Impl.UploadInfoDaoImpl | DEBUG INSERT -> columna=TIP_PERS | idx=60 | valor='00003'
2025-12-26 11:30:26.499 | pool-2-thread-1 | ERROR | mx.baz.conciliaciones.operaciones.dao.Impl.UploadInfoDaoImpl | DEBUG INSERT -> columna=MUNIC_POB | idx=61 | valor=''
2025-12-26 11:30:27.071 | pool-2-thread-1 | ERROR | mx.baz.conciliaciones.operaciones.dao.Impl.UploadInfoDaoImpl | DEBUG INSERT -> columna=SEXO | idx=62 | valor=''
2025-12-26 11:30:27.522 | pool-2-thread-1 | ERROR | mx.baz.conciliaciones.operaciones.dao.Impl.UploadInfoDaoImpl | DEBUG INSERT -> columna=FECH_NAC | idx=63 | valor='CANCONT'
2025-12-26 11:30:28.028 | pool-2-thread-1 | ERROR | mx.baz.conciliaciones.operaciones.dao.Impl.UploadInfoDaoImpl | DEBUG INSERT -> columna=CICLO | idx=74 | valor='V0N'
2025-12-26 11:30:28.558 | pool-2-thread-1 | ERROR | mx.baz.conciliaciones.operaciones.dao.Impl.UploadInfoDaoImpl | DEBUG INSERT -> columna=CUOTA | idx=103 | valor='000000000000000'
2025-12-26 11:30:29.055 | pool-2-thread-1 | ERROR | mx.baz.conciliaciones.operaciones.dao.Impl.UploadInfoDaoImpl | DEBUG INSERT -> columna=IMPCONCEP | idx=108 | valor='000000000000000'
2025-12-26 11:30:29.546 | pool-2-thread-1 | ERROR | mx.baz.conciliaciones.operaciones.dao.Impl.UploadInfoDaoImpl | DEBUG INSERT -> columna=IMPCONCEF | idx=109 | valor='000000000000000'
2025-12-26 11:30:30.062 | pool-2-thread-1 | ERROR | mx.baz.conciliaciones.operaciones.dao.Impl.UploadInfoDaoImpl | DEBUG INSERT -> columna=CAP_VIGRP | idx=110 | valor='000000000058057'
2025-12-26 11:30:30.534 | pool-2-thread-1 | ERROR | mx.baz.conciliaciones.operaciones.dao.Impl.UploadInfoDaoImpl | DEBUG INSERT -> columna=CAP_VIGRF | idx=111 | valor='000000000000000'
2025-12-26 11:30:31.026 | pool-2-thread-1 | ERROR | mx.baz.conciliaciones.operaciones.dao.Impl.UploadInfoDaoImpl | DEBUG INSERT -> columna=CAP_EXIGP | idx=112 | valor='000000000048564'
2025-12-26 11:30:31.514 | pool-2-thread-1 | ERROR | mx.baz.conciliaciones.operaciones.dao.Impl.UploadInfoDaoImpl | DEBUG INSERT -> columna=CAP_EXIGF | idx=113 | valor='000000000000000'
2025-12-26 11:30:31.979 | pool-2-thread-1 | ERROR | mx.baz.conciliaciones.operaciones.dao.Impl.UploadInfoDaoImpl | DEBUG INSERT -> columna=SDO_REALP | idx=118 | valor='000000012177100'
2025-12-26 11:30:32.483 | pool-2-thread-1 | ERROR | mx.baz.conciliaciones.operaciones.dao.Impl.UploadInfoDaoImpl | DEBUG INSERT -> columna=SDO_REALF | idx=119 | valor='000000000000000'
2025-12-26 11:30:33.017 | pool-2-thread-1 | ERROR | mx.baz.conciliaciones.operaciones.dao.Impl.UploadInfoDaoImpl | DEBUG INSERT -> columna=INT_VIGP | idx=122 | valor='000000000000000'
2025-12-26 11:30:33.488 | pool-2-thread-1 | ERROR | mx.baz.conciliaciones.operaciones.dao.Impl.UploadInfoDaoImpl | DEBUG INSERT -> columna=INT_VIGF | idx=123 | valor='000000000000000'
2025-12-26 11:30:33.953 | pool-2-thread-1 | ERROR | mx.baz.conciliaciones.operaciones.dao.Impl.UploadInfoDaoImpl | DEBUG INSERT -> columna=SEGUROS | idx=132 | valor='000000001444304'
2025-12-26 11:30:34.376 | pool-2-thread-1 | ERROR | mx.baz.conciliaciones.operaciones.dao.Impl.UploadInfoDaoImpl | DEBUG INSERT -> columna=RESP_TOT | idx=135 | valor='2006-09-15'
2025-12-26 11:30:34.752 | pool-2-thread-1 | ERROR | mx.baz.conciliaciones.operaciones.dao.Impl.UploadInfoDaoImpl | DEBUG INSERT -> columna=IMP_GTIA | idx=136 | valor='0'
2025-12-26 11:30:35.138 | pool-2-thread-1 | ERROR | mx.baz.conciliaciones.operaciones.dao.Impl.UploadInfoDaoImpl | DEBUG INSERT -> columna=SEM_ATRASO | idx=156 | valor='000000000000000'
2025-12-26 11:30:35.513 | pool-2-thread-1 | ERROR | mx.baz.conciliaciones.operaciones.dao.Impl.UploadInfoDaoImpl | DEBUG INSERT -> columna=CONTROL | idx=73 | valor=''
2025-12-26 11:30:36.930 | pool-2-thread-1 | ERROR | mx.baz.conciliaciones.operaciones.dao.Impl.UploadInfoDaoImpl | Error insertando batch: Data truncation: Data too long for column 'PRODUCTO' at row 1
2025-12-26 13:24:24.794 | pool-2-thread-1 | ERROR | mx.baz.conciliaciones.operaciones.dao.Impl.UploadInfoDaoImpl | DEBUG INSERT -> columna=FE_EMISI | idx=0 | valor='2025-12-24'
2025-12-26 13:24:24.809 | HikariPool-1 housekeeper | WARN  | com.zaxxer.hikari.pool.HikariPool | HikariPool-1 - Thread starvation or clock leap detected (housekeeper delta=1h54m16s687ms221µs900ns).
2025-12-26 13:24:24.817 | pool-2-thread-1 | ERROR | mx.baz.conciliaciones.operaciones.dao.Impl.UploadInfoDaoImpl | DEBUG INSERT -> columna=ENT_OFI | idx=1 | valor='01270056'
2025-12-26 13:24:24.818 | pool-2-thread-1 | ERROR | mx.baz.conciliaciones.operaciones.dao.Impl.UploadInfoDaoImpl | DEBUG INSERT -> columna=CUENTA | idx=2 | valor='9600003053'
2025-12-26 13:24:24.818 | pool-2-thread-1 | ERROR | mx.baz.conciliaciones.operaciones.dao.Impl.UploadInfoDaoImpl | DEBUG INSERT -> columna=DIGVER | idx=3 | valor='47'
2025-12-26 13:24:24.818 | pool-2-thread-1 | ERROR | mx.baz.conciliaciones.operaciones.dao.Impl.UploadInfoDaoImpl | DEBUG INSERT -> columna=MONEDA | idx=4 | valor='MXP'
2025-12-26 13:24:24.820 | pool-2-thread-1 | ERROR | mx.baz.conciliaciones.operaciones.dao.Impl.UploadInfoDaoImpl | DEBUG INSERT -> columna=GARANTIA | idx=5 | valor='212'
2025-12-26 13:24:24.822 | pool-2-thread-1 | ERROR | mx.baz.conciliaciones.operaciones.dao.Impl.UploadInfoDaoImpl | DEBUG INSERT -> columna=ESTATUS | idx=9 | valor='3'
2025-12-26 13:24:24.823 | pool-2-thread-1 | ERROR | mx.baz.conciliaciones.operaciones.dao.Impl.UploadInfoDaoImpl | DEBUG INSERT -> columna=PLAZO | idx=11 | valor='20036'
2025-12-26 13:24:24.823 | pool-2-thread-1 | ERROR | mx.baz.conciliaciones.operaciones.dao.Impl.UploadInfoDaoImpl | DEBUG INSERT -> columna=PER_CAP | idx=12 | valor='1015'
2025-12-26 13:24:24.826 | pool-2-thread-1 | ERROR | mx.baz.conciliaciones.operaciones.dao.Impl.UploadInfoDaoImpl | DEBUG INSERT -> columna=PER_INT | idx=13 | valor='1015'
2025-12-26 13:24:24.826 | pool-2-thread-1 | ERROR | mx.baz.conciliaciones.operaciones.dao.Impl.UploadInfoDaoImpl | DEBUG INSERT -> columna=FEFORM | idx=14 | valor='2004-01-30'
2025-12-26 13:24:24.826 | pool-2-thread-1 | ERROR | mx.baz.conciliaciones.operaciones.dao.Impl.UploadInfoDaoImpl | DEBUG INSERT -> columna=FEULAMO | idx=15 | valor='2007-01-31'
2025-12-26 13:24:24.826 | pool-2-thread-1 | ERROR | mx.baz.conciliaciones.operaciones.dao.Impl.UploadInfoDaoImpl | DEBUG INSERT -> columna=FEPROLIQ | idx=18 | valor='2007-01-31'
2025-12-26 13:24:24.826 | pool-2-thread-1 | ERROR | mx.baz.conciliaciones.operaciones.dao.Impl.UploadInfoDaoImpl | DEBUG INSERT -> columna=FEULLIQ | idx=17 | valor='2007-01-31'
2025-12-26 13:24:24.827 | pool-2-thread-1 | ERROR | mx.baz.conciliaciones.operaciones.dao.Impl.UploadInfoDaoImpl | DEBUG INSERT -> columna=FEPROAMO | idx=16 | valor='2007-01-31'
2025-12-26 13:24:24.827 | pool-2-thread-1 | ERROR | mx.baz.conciliaciones.operaciones.dao.Impl.UploadInfoDaoImpl | DEBUG INSERT -> columna=FEVTO | idx=19 | valor='2007-01-31'
2025-12-26 13:24:24.828 | pool-2-thread-1 | ERROR | mx.baz.conciliaciones.operaciones.dao.Impl.UploadInfoDaoImpl | DEBUG INSERT -> columna=FEULPRO | idx=20 | valor='2007-01-31'
2025-12-26 13:24:24.828 | pool-2-thread-1 | ERROR | mx.baz.conciliaciones.operaciones.dao.Impl.UploadInfoDaoImpl | DEBUG INSERT -> columna=FEPROPRO | idx=21 | valor='2007-02-28'
2025-12-26 13:24:24.828 | pool-2-thread-1 | ERROR | mx.baz.conciliaciones.operaciones.dao.Impl.UploadInfoDaoImpl | DEBUG INSERT -> columna=TIP_CUOTA | idx=25 | valor='2'
2025-12-26 13:24:24.830 | pool-2-thread-1 | ERROR | mx.baz.conciliaciones.operaciones.dao.Impl.UploadInfoDaoImpl | DEBUG INSERT -> columna=DESCUOTA | idx=26 | valor='CAPITAL CONSTANTE'
2025-12-26 13:24:24.830 | pool-2-thread-1 | ERROR | mx.baz.conciliaciones.operaciones.dao.Impl.UploadInfoDaoImpl | DEBUG INSERT -> columna=TIP_TASA | idx=27 | valor='FIJA'
2025-12-26 13:24:24.830 | pool-2-thread-1 | ERROR | mx.baz.conciliaciones.operaciones.dao.Impl.UploadInfoDaoImpl | DEBUG INSERT -> columna=TASA | idx=31 | valor=''
2025-12-26 13:24:24.831 | pool-2-thread-1 | ERROR | mx.baz.conciliaciones.operaciones.dao.Impl.UploadInfoDaoImpl | DEBUG INSERT -> columna=SIT_DEUD | idx=34 | valor='N3'
2025-12-26 13:24:24.832 | pool-2-thread-1 | ERROR | mx.baz.conciliaciones.operaciones.dao.Impl.UploadInfoDaoImpl | DEBUG INSERT -> columna=DES_DEUD | idx=35 | valor='NIVEL 3'
2025-12-26 13:24:24.832 | pool-2-thread-1 | ERROR | mx.baz.conciliaciones.operaciones.dao.Impl.UploadInfoDaoImpl | DEBUG INSERT -> columna=PRODUCTO | idx=40 | valor='0172'
2025-12-26 13:24:24.832 | pool-2-thread-1 | ERROR | mx.baz.conciliaciones.operaciones.dao.Impl.UploadInfoDaoImpl | DEBUG INSERT -> columna=SUBPROD | idx=41 | valor='**'
2025-12-26 13:24:24.833 | pool-2-thread-1 | ERROR | mx.baz.conciliaciones.operaciones.dao.Impl.UploadInfoDaoImpl | DEBUG INSERT -> columna=DESCSUBP | idx=42 | valor='03426860'
2025-12-26 13:24:24.833 | pool-2-thread-1 | ERROR | mx.baz.conciliaciones.operaciones.dao.Impl.UploadInfoDaoImpl | DEBUG INSERT -> columna=CEN_GEST | idx=43 | valor='ROBERTO SAN GERMAN SAMPABLO'
2025-12-26 13:24:24.834 | pool-2-thread-1 | ERROR | mx.baz.conciliaciones.operaciones.dao.Impl.UploadInfoDaoImpl | DEBUG INSERT -> columna=CANAL | idx=44 | valor='SASR6312202V3'
2025-12-26 13:24:24.834 | pool-2-thread-1 | ERROR | mx.baz.conciliaciones.operaciones.dao.Impl.UploadInfoDaoImpl | DEBUG INSERT -> columna=NUM_CTE | idx=45 | valor='01270172011501897741'
2025-12-26 13:24:24.834 | pool-2-thread-1 | ERROR | mx.baz.conciliaciones.operaciones.dao.Impl.UploadInfoDaoImpl | DEBUG INSERT -> columna=NOM_CTE | idx=46 | valor='0056'
2025-12-26 13:24:24.835 | pool-2-thread-1 | ERROR | mx.baz.conciliaciones.operaciones.dao.Impl.UploadInfoDaoImpl | DEBUG INSERT -> columna=RFC | idx=47 | valor='000000000'
2025-12-26 13:24:24.835 | pool-2-thread-1 | ERROR | mx.baz.conciliaciones.operaciones.dao.Impl.UploadInfoDaoImpl | DEBUG INSERT -> columna=CTACARGO | idx=48 | valor='0000000000'
2025-12-26 13:24:24.836 | pool-2-thread-1 | ERROR | mx.baz.conciliaciones.operaciones.dao.Impl.UploadInfoDaoImpl | DEBUG INSERT -> columna=CAN_CRDMX | idx=49 | valor='000000000'
2025-12-26 13:24:24.836 | pool-2-thread-1 | ERROR | mx.baz.conciliaciones.operaciones.dao.Impl.UploadInfoDaoImpl | DEBUG INSERT -> columna=SUC_CMAX | idx=50 | valor='000000056'
2025-12-26 13:24:24.837 | pool-2-thread-1 | ERROR | mx.baz.conciliaciones.operaciones.dao.Impl.UploadInfoDaoImpl | DEBUG INSERT -> columna=NOPEDIDO | idx=51 | valor='0000000000'
2025-12-26 13:24:24.837 | pool-2-thread-1 | ERROR | mx.baz.conciliaciones.operaciones.dao.Impl.UploadInfoDaoImpl | DEBUG INSERT -> columna=CAN_CU_CRDMX | idx=52 | valor='S'
2025-12-26 13:24:24.838 | pool-2-thread-1 | ERROR | mx.baz.conciliaciones.operaciones.dao.Impl.UploadInfoDaoImpl | DEBUG INSERT -> columna=KEYSUC_CU_CRDMX | idx=53 | valor=''
2025-12-26 13:24:24.838 | pool-2-thread-1 | ERROR | mx.baz.conciliaciones.operaciones.dao.Impl.UploadInfoDaoImpl | DEBUG INSERT -> columna=CTE_CMAX | idx=54 | valor=''
2025-12-26 13:24:24.839 | pool-2-thread-1 | ERROR | mx.baz.conciliaciones.operaciones.dao.Impl.UploadInfoDaoImpl | DEBUG INSERT -> columna=TIP_PERS | idx=60 | valor='00003'
2025-12-26 13:24:24.839 | pool-2-thread-1 | ERROR | mx.baz.conciliaciones.operaciones.dao.Impl.UploadInfoDaoImpl | DEBUG INSERT -> columna=MUNIC_POB | idx=61 | valor=''
2025-12-26 13:24:24.839 | pool-2-thread-1 | ERROR | mx.baz.conciliaciones.operaciones.dao.Impl.UploadInfoDaoImpl | DEBUG INSERT -> columna=SEXO | idx=62 | valor=''
2025-12-26 13:24:24.839 | pool-2-thread-1 | ERROR | mx.baz.conciliaciones.operaciones.dao.Impl.UploadInfoDaoImpl | DEBUG INSERT -> columna=FECH_NAC | idx=63 | valor='CANCONT'
2025-12-26 13:24:24.840 | pool-2-thread-1 | ERROR | mx.baz.conciliaciones.operaciones.dao.Impl.UploadInfoDaoImpl | DEBUG INSERT -> columna=CICLO | idx=74 | valor='V0N'
2025-12-26 13:24:24.840 | pool-2-thread-1 | ERROR | mx.baz.conciliaciones.operaciones.dao.Impl.UploadInfoDaoImpl | DEBUG INSERT -> columna=CUOTA | idx=103 | valor='000000000000000'
2025-12-26 13:24:24.840 | pool-2-thread-1 | ERROR | mx.baz.conciliaciones.operaciones.dao.Impl.UploadInfoDaoImpl | DEBUG INSERT -> columna=IMPCONCEP | idx=108 | valor='000000000000000'
2025-12-26 13:24:24.840 | pool-2-thread-1 | ERROR | mx.baz.conciliaciones.operaciones.dao.Impl.UploadInfoDaoImpl | DEBUG INSERT -> columna=IMPCONCEF | idx=109 | valor='000000000000000'
2025-12-26 13:24:24.840 | pool-2-thread-1 | ERROR | mx.baz.conciliaciones.operaciones.dao.Impl.UploadInfoDaoImpl | DEBUG INSERT -> columna=CAP_VIGRP | idx=110 | valor='000000000045869'
2025-12-26 13:24:24.841 | pool-2-thread-1 | ERROR | mx.baz.conciliaciones.operaciones.dao.Impl.UploadInfoDaoImpl | DEBUG INSERT -> columna=CAP_VIGRF | idx=111 | valor='000000000000000'
2025-12-26 13:24:24.841 | pool-2-thread-1 | ERROR | mx.baz.conciliaciones.operaciones.dao.Impl.UploadInfoDaoImpl | DEBUG INSERT -> columna=CAP_EXIGP | idx=112 | valor='000000000117108'
2025-12-26 13:24:24.842 | pool-2-thread-1 | ERROR | mx.baz.conciliaciones.operaciones.dao.Impl.UploadInfoDaoImpl | DEBUG INSERT -> columna=CAP_EXIGF | idx=113 | valor='000000000000000'
2025-12-26 13:24:24.842 | pool-2-thread-1 | ERROR | mx.baz.conciliaciones.operaciones.dao.Impl.UploadInfoDaoImpl | DEBUG INSERT -> columna=SDO_REALP | idx=118 | valor='000000013350000'
2025-12-26 13:24:24.843 | pool-2-thread-1 | ERROR | mx.baz.conciliaciones.operaciones.dao.Impl.UploadInfoDaoImpl | DEBUG INSERT -> columna=SDO_REALF | idx=119 | valor='000000000000000'
2025-12-26 13:24:24.843 | pool-2-thread-1 | ERROR | mx.baz.conciliaciones.operaciones.dao.Impl.UploadInfoDaoImpl | DEBUG INSERT -> columna=INT_VIGP | idx=122 | valor='000000000000000'
2025-12-26 13:24:24.844 | pool-2-thread-1 | ERROR | mx.baz.conciliaciones.operaciones.dao.Impl.UploadInfoDaoImpl | DEBUG INSERT -> columna=INT_VIGF | idx=123 | valor='000000000000000'
2025-12-26 13:24:24.844 | pool-2-thread-1 | ERROR | mx.baz.conciliaciones.operaciones.dao.Impl.UploadInfoDaoImpl | DEBUG INSERT -> columna=SEGUROS | idx=132 | valor='000000001846814'
2025-12-26 13:24:24.844 | pool-2-thread-1 | ERROR | mx.baz.conciliaciones.operaciones.dao.Impl.UploadInfoDaoImpl | DEBUG INSERT -> columna=RESP_TOT | idx=135 | valor='2007-12-17'
2025-12-26 13:24:24.844 | pool-2-thread-1 | ERROR | mx.baz.conciliaciones.operaciones.dao.Impl.UploadInfoDaoImpl | DEBUG INSERT -> columna=IMP_GTIA | idx=136 | valor='0'
2025-12-26 13:24:24.845 | pool-2-thread-1 | ERROR | mx.baz.conciliaciones.operaciones.dao.Impl.UploadInfoDaoImpl | DEBUG INSERT -> columna=SEM_ATRASO | idx=156 | valor='000000000000000'
2025-12-26 13:24:24.845 | pool-2-thread-1 | ERROR | mx.baz.conciliaciones.operaciones.dao.Impl.UploadInfoDaoImpl | DEBUG INSERT -> columna=CONTROL | idx=73 | valor=''
2025-12-26 13:25:05.263 | main | INFO  | mx.baz.conciliaciones.operaciones.dao.Impl.UploadInfoDaoImpl | File read successfully: C:\CREDITOJOBS\BATCREDITO\application.properties
2025-12-26 13:25:05.274 | main | INFO  | mx.baz.conciliaciones.operaciones.AppUploadInfo | Start the information loading process,
2025-12-26 13:25:12.130 | main | INFO  | mx.baz.conciliaciones.operaciones.AppUploadInfo | Connected to database successfully
2025-12-26 13:25:12.130 | main | INFO  | mx.baz.conciliaciones.operaciones.dao.Impl.UploadInfoDaoImpl | Get data for path
2025-12-26 13:25:12.799 | main | INFO  | mx.baz.conciliaciones.operaciones.AppUploadInfo | Route file: PathInfo(job=CARTERADELIM, ip=10.53.80.16, path=BackOfficeBaz\Operaciones\Operacion\Credito\MonitoreosDiarios, file=BAT1SB60.RESUMEN.CARTERADELIM.D, domain=PRODUCCIONBA, user=BusrConc, password=NuevaRepAln/094)
2025-12-26 13:25:12.867 | main | INFO  | mx.baz.conciliaciones.operaciones.utils.FSConn | URI: \\10.53.80.16\BackOfficeBaz\Operaciones\Operacion\Credito\MonitoreosDiarios\BAT1SB60.RESUMEN.CARTERADELIM.D251224
2025-12-26 13:25:12.868 | main | INFO  | mx.baz.conciliaciones.operaciones.utils.FSConn | URN: \\10.53.80.16\BackOfficeBaz\Operaciones\Operacion\Credito\MonitoreosDiarios
2025-12-26 13:25:12.868 | main | INFO  | mx.baz.conciliaciones.operaciones.utils.FSConn | IP: 10.53.80.16
2025-12-26 13:25:12.868 | main | INFO  | mx.baz.conciliaciones.operaciones.utils.FSConn | Path: BackOfficeBaz\Operaciones\Operacion\Credito\MonitoreosDiarios
2025-12-26 13:25:12.868 | main | INFO  | mx.baz.conciliaciones.operaciones.utils.FSConn | File: BAT1SB60.RESUMEN.CARTERADELIM.D251224
2025-12-26 13:25:12.868 | main | INFO  | mx.baz.conciliaciones.operaciones.utils.FSConn | User and Domain: PRODUCCIONBA\BusrConc
2025-12-26 13:25:12.868 | main | INFO  | mx.baz.conciliaciones.operaciones.utils.FSConn | Command: net use A: \\10.53.80.16\BackOfficeBaz\Operaciones\Operacion\Credito\MonitoreosDiarios NuevaRepAln/094 /user:PRODUCCIONBA\BusrConc
2025-12-26 13:25:14.514 | main | INFO  | mx.baz.conciliaciones.operaciones.utils.FSConn | Success conection to network drive: true
2025-12-26 13:25:19.495 | main | INFO  | mx.baz.conciliaciones.operaciones.dao.Impl.UploadInfoDaoImpl | Initializing file reading process...
2025-12-26 13:25:20.296 | pool-2-thread-1 | ERROR | mx.baz.conciliaciones.operaciones.dao.Impl.UploadInfoDaoImpl | DEBUG INSERT -> columna=FE_EMISI | idx=0 | valor='2025-12-24'
2025-12-26 13:25:20.298 | pool-2-thread-1 | ERROR | mx.baz.conciliaciones.operaciones.dao.Impl.UploadInfoDaoImpl | DEBUG INSERT -> columna=ENT_OFI | idx=1 | valor='01270056'
2025-12-26 13:25:20.298 | pool-2-thread-1 | ERROR | mx.baz.conciliaciones.operaciones.dao.Impl.UploadInfoDaoImpl | DEBUG INSERT -> columna=CUENTA | idx=2 | valor='9600001537'
2025-12-26 13:25:20.298 | pool-2-thread-1 | ERROR | mx.baz.conciliaciones.operaciones.dao.Impl.UploadInfoDaoImpl | DEBUG INSERT -> columna=DIGVER | idx=3 | valor='45'
2025-12-26 13:25:20.298 | pool-2-thread-1 | ERROR | mx.baz.conciliaciones.operaciones.dao.Impl.UploadInfoDaoImpl | DEBUG INSERT -> columna=MONEDA | idx=4 | valor='MXP'
2025-12-26 13:25:20.298 | pool-2-thread-1 | ERROR | mx.baz.conciliaciones.operaciones.dao.Impl.UploadInfoDaoImpl | DEBUG INSERT -> columna=GARANTIA | idx=5 | valor='212'
2025-12-26 13:25:20.298 | pool-2-thread-1 | ERROR | mx.baz.conciliaciones.operaciones.dao.Impl.UploadInfoDaoImpl | DEBUG INSERT -> columna=ESTATUS | idx=9 | valor='3'
2025-12-26 13:25:20.298 | pool-2-thread-1 | ERROR | mx.baz.conciliaciones.operaciones.dao.Impl.UploadInfoDaoImpl | DEBUG INSERT -> columna=PLAZO | idx=11 | valor='20036'
2025-12-26 13:25:20.299 | pool-2-thread-1 | ERROR | mx.baz.conciliaciones.operaciones.dao.Impl.UploadInfoDaoImpl | DEBUG INSERT -> columna=PER_CAP | idx=12 | valor='1015'
2025-12-26 13:25:20.299 | pool-2-thread-1 | ERROR | mx.baz.conciliaciones.operaciones.dao.Impl.UploadInfoDaoImpl | DEBUG INSERT -> columna=PER_INT | idx=13 | valor='1015'
2025-12-26 13:25:20.299 | pool-2-thread-1 | ERROR | mx.baz.conciliaciones.operaciones.dao.Impl.UploadInfoDaoImpl | DEBUG INSERT -> columna=FEFORM | idx=14 | valor='2004-01-30'
2025-12-26 13:25:20.300 | pool-2-thread-1 | ERROR | mx.baz.conciliaciones.operaciones.dao.Impl.UploadInfoDaoImpl | DEBUG INSERT -> columna=FEULAMO | idx=15 | valor='2007-01-31'
2025-12-26 13:25:20.300 | pool-2-thread-1 | ERROR | mx.baz.conciliaciones.operaciones.dao.Impl.UploadInfoDaoImpl | DEBUG INSERT -> columna=FEPROLIQ | idx=18 | valor='2007-01-31'
2025-12-26 13:25:20.300 | pool-2-thread-1 | ERROR | mx.baz.conciliaciones.operaciones.dao.Impl.UploadInfoDaoImpl | DEBUG INSERT -> columna=FEULLIQ | idx=17 | valor='2007-01-31'
2025-12-26 13:25:20.300 | pool-2-thread-1 | ERROR | mx.baz.conciliaciones.operaciones.dao.Impl.UploadInfoDaoImpl | DEBUG INSERT -> columna=FEPROAMO | idx=16 | valor='2007-01-31'
2025-12-26 13:25:20.302 | pool-2-thread-1 | ERROR | mx.baz.conciliaciones.operaciones.dao.Impl.UploadInfoDaoImpl | DEBUG INSERT -> columna=FEVTO | idx=19 | valor='2007-01-31'
2025-12-26 13:25:20.302 | pool-2-thread-1 | ERROR | mx.baz.conciliaciones.operaciones.dao.Impl.UploadInfoDaoImpl | DEBUG INSERT -> columna=FEULPRO | idx=20 | valor='2007-01-31'
2025-12-26 13:25:20.302 | pool-2-thread-1 | ERROR | mx.baz.conciliaciones.operaciones.dao.Impl.UploadInfoDaoImpl | DEBUG INSERT -> columna=FEPROPRO | idx=21 | valor='2007-02-28'
2025-12-26 13:25:20.302 | pool-2-thread-1 | ERROR | mx.baz.conciliaciones.operaciones.dao.Impl.UploadInfoDaoImpl | DEBUG INSERT -> columna=TIP_CUOTA | idx=25 | valor='2'
2025-12-26 13:25:20.302 | pool-2-thread-1 | ERROR | mx.baz.conciliaciones.operaciones.dao.Impl.UploadInfoDaoImpl | DEBUG INSERT -> columna=DESCUOTA | idx=26 | valor='CAPITAL CONSTANTE'
2025-12-26 13:25:20.302 | pool-2-thread-1 | ERROR | mx.baz.conciliaciones.operaciones.dao.Impl.UploadInfoDaoImpl | DEBUG INSERT -> columna=TIP_TASA | idx=27 | valor='FIJA'
2025-12-26 13:25:20.303 | pool-2-thread-1 | ERROR | mx.baz.conciliaciones.operaciones.dao.Impl.UploadInfoDaoImpl | DEBUG INSERT -> columna=TASA | idx=30 | valor='011000000'
2025-12-26 13:25:20.303 | pool-2-thread-1 | ERROR | mx.baz.conciliaciones.operaciones.dao.Impl.UploadInfoDaoImpl | DEBUG INSERT -> columna=SIT_DEUD | idx=34 | valor='N3'
2025-12-26 13:25:20.303 | pool-2-thread-1 | ERROR | mx.baz.conciliaciones.operaciones.dao.Impl.UploadInfoDaoImpl | DEBUG INSERT -> columna=DES_DEUD | idx=35 | valor='NIVEL 3'
2025-12-26 13:25:20.303 | pool-2-thread-1 | ERROR | mx.baz.conciliaciones.operaciones.dao.Impl.UploadInfoDaoImpl | DEBUG INSERT -> columna=PRODUCTO | idx=37 | valor='96'
2025-12-26 13:25:20.304 | pool-2-thread-1 | ERROR | mx.baz.conciliaciones.operaciones.dao.Impl.UploadInfoDaoImpl | DEBUG INSERT -> columna=SUBPROD | idx=38 | valor='0006'
2025-12-26 13:25:20.304 | pool-2-thread-1 | ERROR | mx.baz.conciliaciones.operaciones.dao.Impl.UploadInfoDaoImpl | DEBUG INSERT -> columna=DESCSUBP | idx=39 | valor='PRESTAMOS FERIA DEL AUTO'
2025-12-26 13:25:20.305 | pool-2-thread-1 | ERROR | mx.baz.conciliaciones.operaciones.dao.Impl.UploadInfoDaoImpl | DEBUG INSERT -> columna=CEN_GEST | idx=40 | valor='0410'
2025-12-26 13:25:20.305 | pool-2-thread-1 | ERROR | mx.baz.conciliaciones.operaciones.dao.Impl.UploadInfoDaoImpl | DEBUG INSERT -> columna=CANAL | idx=41 | valor='**'
2025-12-26 13:25:20.305 | pool-2-thread-1 | ERROR | mx.baz.conciliaciones.operaciones.dao.Impl.UploadInfoDaoImpl | DEBUG INSERT -> columna=NUM_CTE | idx=42 | valor='03696092'
2025-12-26 13:25:20.306 | pool-2-thread-1 | ERROR | mx.baz.conciliaciones.operaciones.dao.Impl.UploadInfoDaoImpl | DEBUG INSERT -> columna=NOM_CTE | idx=43 | valor='ERNESTO FUENTES RAMIREZ'
2025-12-26 13:25:20.306 | pool-2-thread-1 | ERROR | mx.baz.conciliaciones.operaciones.dao.Impl.UploadInfoDaoImpl | DEBUG INSERT -> columna=RFC | idx=44 | valor='FURE771001'
2025-12-26 13:25:20.306 | pool-2-thread-1 | ERROR | mx.baz.conciliaciones.operaciones.dao.Impl.UploadInfoDaoImpl | DEBUG INSERT -> columna=CTACARGO | idx=45 | valor='01270410011513924124'
2025-12-26 13:25:20.307 | pool-2-thread-1 | ERROR | mx.baz.conciliaciones.operaciones.dao.Impl.UploadInfoDaoImpl | DEBUG INSERT -> columna=CAN_CRDMX | idx=46 | valor='0056'
2025-12-26 13:25:20.307 | pool-2-thread-1 | ERROR | mx.baz.conciliaciones.operaciones.dao.Impl.UploadInfoDaoImpl | DEBUG INSERT -> columna=SUC_CMAX | idx=47 | valor='000000000'
2025-12-26 13:25:20.308 | pool-2-thread-1 | ERROR | mx.baz.conciliaciones.operaciones.dao.Impl.UploadInfoDaoImpl | DEBUG INSERT -> columna=NOPEDIDO | idx=48 | valor='0000000000'
2025-12-26 13:25:20.308 | pool-2-thread-1 | ERROR | mx.baz.conciliaciones.operaciones.dao.Impl.UploadInfoDaoImpl | DEBUG INSERT -> columna=CAN_CU_CRDMX | idx=49 | valor='000000000'
2025-12-26 13:25:20.309 | pool-2-thread-1 | ERROR | mx.baz.conciliaciones.operaciones.dao.Impl.UploadInfoDaoImpl | DEBUG INSERT -> columna=KEYSUC_CU_CRDMX | idx=50 | valor='000000056'
2025-12-26 13:25:20.309 | pool-2-thread-1 | ERROR | mx.baz.conciliaciones.operaciones.dao.Impl.UploadInfoDaoImpl | DEBUG INSERT -> columna=CTE_CMAX | idx=51 | valor='0000000000'
2025-12-26 13:25:20.310 | pool-2-thread-1 | ERROR | mx.baz.conciliaciones.operaciones.dao.Impl.UploadInfoDaoImpl | DEBUG INSERT -> columna=TIP_PERS | idx=56 | valor='301'
2025-12-26 13:25:20.310 | pool-2-thread-1 | ERROR | mx.baz.conciliaciones.operaciones.dao.Impl.UploadInfoDaoImpl | DEBUG INSERT -> columna=MUNIC_POB | idx=57 | valor='53120MEXICO              NAUCALPAN'
2025-12-26 13:25:20.310 | pool-2-thread-1 | ERROR | mx.baz.conciliaciones.operaciones.dao.Impl.UploadInfoDaoImpl | DEBUG INSERT -> columna=SEXO | idx=58 | valor='M'
2025-12-26 13:25:20.310 | pool-2-thread-1 | ERROR | mx.baz.conciliaciones.operaciones.dao.Impl.UploadInfoDaoImpl | DEBUG INSERT -> columna=FECH_NAC | idx=59 | valor='1977-10-01'
2025-12-26 13:25:20.310 | pool-2-thread-1 | ERROR | mx.baz.conciliaciones.operaciones.dao.Impl.UploadInfoDaoImpl | DEBUG INSERT -> columna=CICLO | idx=70 | valor='OI'
2025-12-26 13:25:20.311 | pool-2-thread-1 | ERROR | mx.baz.conciliaciones.operaciones.dao.Impl.UploadInfoDaoImpl | DEBUG INSERT -> columna=CUOTA | idx=87 | valor='000000000133333'
2025-12-26 13:25:20.311 | pool-2-thread-1 | ERROR | mx.baz.conciliaciones.operaciones.dao.Impl.UploadInfoDaoImpl | DEBUG INSERT -> columna=IMPCONCEP | idx=92 | valor='000000009600000'
2025-12-26 13:25:20.311 | pool-2-thread-1 | ERROR | mx.baz.conciliaciones.operaciones.dao.Impl.UploadInfoDaoImpl | DEBUG INSERT -> columna=IMPCONCEF | idx=93 | valor='000000000000000'
2025-12-26 13:25:20.311 | pool-2-thread-1 | ERROR | mx.baz.conciliaciones.operaciones.dao.Impl.UploadInfoDaoImpl | DEBUG INSERT -> columna=CAP_VIGRP | idx=94 | valor='000000000000000'
2025-12-26 13:25:20.311 | pool-2-thread-1 | ERROR | mx.baz.conciliaciones.operaciones.dao.Impl.UploadInfoDaoImpl | DEBUG INSERT -> columna=CAP_VIGRF | idx=95 | valor='000000000000000'
2025-12-26 13:25:20.312 | pool-2-thread-1 | ERROR | mx.baz.conciliaciones.operaciones.dao.Impl.UploadInfoDaoImpl | DEBUG INSERT -> columna=CAP_EXIGP | idx=96 | valor='000000000000000'
2025-12-26 13:25:20.312 | pool-2-thread-1 | ERROR | mx.baz.conciliaciones.operaciones.dao.Impl.UploadInfoDaoImpl | DEBUG INSERT -> columna=CAP_EXIGF | idx=97 | valor='000000000000000'
2025-12-26 13:25:20.313 | pool-2-thread-1 | ERROR | mx.baz.conciliaciones.operaciones.dao.Impl.UploadInfoDaoImpl | DEBUG INSERT -> columna=CAPVDONEXP | idx=98 | valor='000000000000000'
2025-12-26 13:25:20.313 | pool-2-thread-1 | ERROR | mx.baz.conciliaciones.operaciones.dao.Impl.UploadInfoDaoImpl | DEBUG INSERT -> columna=CAPVDONEXF | idx=99 | valor='000000000000000'
2025-12-26 13:25:20.313 | pool-2-thread-1 | ERROR | mx.baz.conciliaciones.operaciones.dao.Impl.UploadInfoDaoImpl | DEBUG INSERT -> columna=CAPVDOEXIP | idx=100 | valor='000000002487118'
2025-12-26 13:25:20.313 | pool-2-thread-1 | ERROR | mx.baz.conciliaciones.operaciones.dao.Impl.UploadInfoDaoImpl | DEBUG INSERT -> columna=CAPVDOEXIF | idx=101 | valor='000000000000000'
2025-12-26 13:25:20.313 | pool-2-thread-1 | ERROR | mx.baz.conciliaciones.operaciones.dao.Impl.UploadInfoDaoImpl | DEBUG INSERT -> columna=SDO_REALP | idx=102 | valor='000000002487118'
2025-12-26 13:25:20.313 | pool-2-thread-1 | ERROR | mx.baz.conciliaciones.operaciones.dao.Impl.UploadInfoDaoImpl | DEBUG INSERT -> columna=SDO_REALF | idx=103 | valor='000000000000000'
2025-12-26 13:25:20.314 | pool-2-thread-1 | ERROR | mx.baz.conciliaciones.operaciones.dao.Impl.UploadInfoDaoImpl | DEBUG INSERT -> columna=INTDEVNEXP | idx=104 | valor='000000000000000'
2025-12-26 13:25:20.314 | pool-2-thread-1 | ERROR | mx.baz.conciliaciones.operaciones.dao.Impl.UploadInfoDaoImpl | DEBUG INSERT -> columna=INTDEVNEXF | idx=105 | valor='000000000000000'
2025-12-26 13:25:20.314 | pool-2-thread-1 | ERROR | mx.baz.conciliaciones.operaciones.dao.Impl.UploadInfoDaoImpl | DEBUG INSERT -> columna=INT_VIGP | idx=106 | valor='000000000000000'
2025-12-26 13:25:20.314 | pool-2-thread-1 | ERROR | mx.baz.conciliaciones.operaciones.dao.Impl.UploadInfoDaoImpl | DEBUG INSERT -> columna=INT_VIGF | idx=107 | valor='000000000000000'
2025-12-26 13:25:20.315 | pool-2-thread-1 | ERROR | mx.baz.conciliaciones.operaciones.dao.Impl.UploadInfoDaoImpl | DEBUG INSERT -> columna=INT_TRANSP | idx=108 | valor='000000000000000'
2025-12-26 13:25:20.315 | pool-2-thread-1 | ERROR | mx.baz.conciliaciones.operaciones.dao.Impl.UploadInfoDaoImpl | DEBUG INSERT -> columna=INT_TRANSF | idx=109 | valor='000000000000000'
2025-12-26 13:25:20.315 | pool-2-thread-1 | ERROR | mx.baz.conciliaciones.operaciones.dao.Impl.UploadInfoDaoImpl | DEBUG INSERT -> columna=INT_VENCP | idx=110 | valor='000000000058057'
2025-12-26 13:25:20.315 | pool-2-thread-1 | ERROR | mx.baz.conciliaciones.operaciones.dao.Impl.UploadInfoDaoImpl | DEBUG INSERT -> columna=INT_VENCF | idx=111 | valor='000000000000000'
2025-12-26 13:25:20.315 | pool-2-thread-1 | ERROR | mx.baz.conciliaciones.operaciones.dao.Impl.UploadInfoDaoImpl | DEBUG INSERT -> columna=INTDEVDVDF | idx=113 | valor='000000000000000'
2025-12-26 13:25:20.315 | pool-2-thread-1 | ERROR | mx.baz.conciliaciones.operaciones.dao.Impl.UploadInfoDaoImpl | DEBUG INSERT -> columna=SEGUROS | idx=114 | valor='000000000392702'
2025-12-26 13:25:20.315 | pool-2-thread-1 | ERROR | mx.baz.conciliaciones.operaciones.dao.Impl.UploadInfoDaoImpl | DEBUG INSERT -> columna=FACTSEGUROVIDA | idx=127 | valor='000000000'
2025-12-26 13:25:20.315 | pool-2-thread-1 | ERROR | mx.baz.conciliaciones.operaciones.dao.Impl.UploadInfoDaoImpl | DEBUG INSERT -> columna=FACTSEGURODANOS | idx=128 | valor='000000000'
2025-12-26 13:25:20.315 | pool-2-thread-1 | ERROR | mx.baz.conciliaciones.operaciones.dao.Impl.UploadInfoDaoImpl | DEBUG INSERT -> columna=RESP_TOT | idx=117 | valor='000000002986441'
2025-12-26 13:25:20.316 | pool-2-thread-1 | ERROR | mx.baz.conciliaciones.operaciones.dao.Impl.UploadInfoDaoImpl | DEBUG INSERT -> columna=IMP_GTIA | idx=118 | valor='000000012177100'
2025-12-26 13:25:20.316 | pool-2-thread-1 | ERROR | mx.baz.conciliaciones.operaciones.dao.Impl.UploadInfoDaoImpl | DEBUG INSERT -> columna=INTCAPP | idx=119 | valor='000000000000000'
2025-12-26 13:25:20.316 | pool-2-thread-1 | ERROR | mx.baz.conciliaciones.operaciones.dao.Impl.UploadInfoDaoImpl | DEBUG INSERT -> columna=INTCAPF | idx=120 | valor='000000000000000'
2025-12-26 13:25:20.316 | pool-2-thread-1 | ERROR | mx.baz.conciliaciones.operaciones.dao.Impl.UploadInfoDaoImpl | DEBUG INSERT -> columna=INTCAPACMP | idx=121 | valor='000000000000000'
2025-12-26 13:25:20.316 | pool-2-thread-1 | ERROR | mx.baz.conciliaciones.operaciones.dao.Impl.UploadInfoDaoImpl | DEBUG INSERT -> columna=INTCAPACMF | idx=122 | valor='000000000000000'
2025-12-26 13:25:20.316 | pool-2-thread-1 | ERROR | mx.baz.conciliaciones.operaciones.dao.Impl.UploadInfoDaoImpl | DEBUG INSERT -> columna=SALINSOPAS | idx=123 | valor='000000000000000'
2025-12-26 13:25:20.316 | pool-2-thread-1 | ERROR | mx.baz.conciliaciones.operaciones.dao.Impl.UploadInfoDaoImpl | DEBUG INSERT -> columna=INTPASIVO | idx=125 | valor='000000009628675'
2025-12-26 13:25:20.316 | pool-2-thread-1 | ERROR | mx.baz.conciliaciones.operaciones.dao.Impl.UploadInfoDaoImpl | DEBUG INSERT -> columna=INTMORAP | idx=126 | valor='000000000000000'
2025-12-26 13:25:20.316 | pool-2-thread-1 | ERROR | mx.baz.conciliaciones.operaciones.dao.Impl.UploadInfoDaoImpl | DEBUG INSERT -> columna=INTMORAF | idx=127 | valor='000000000'
2025-12-26 13:25:20.316 | pool-2-thread-1 | ERROR | mx.baz.conciliaciones.operaciones.dao.Impl.UploadInfoDaoImpl | DEBUG INSERT -> columna=IVAINTSEG | idx=129 | valor='000000000000000'
2025-12-26 13:25:20.316 | pool-2-thread-1 | ERROR | mx.baz.conciliaciones.operaciones.dao.Impl.UploadInfoDaoImpl | DEBUG INSERT -> columna=IVADEVNOCOBR | idx=130 | valor='000000000008707'
2025-12-26 13:25:20.316 | pool-2-thread-1 | ERROR | mx.baz.conciliaciones.operaciones.dao.Impl.UploadInfoDaoImpl | DEBUG INSERT -> columna=IVASUPSPENDI | idx=131 | valor='000000000007279'
2025-12-26 13:25:20.317 | pool-2-thread-1 | ERROR | mx.baz.conciliaciones.operaciones.dao.Impl.UploadInfoDaoImpl | DEBUG INSERT -> columna=IVAINTMORA | idx=132 | valor='000000001444304'
2025-12-26 13:25:20.318 | pool-2-thread-1 | ERROR | mx.baz.conciliaciones.operaciones.dao.Impl.UploadInfoDaoImpl | DEBUG INSERT -> columna=TASACALCINTMOR | idx=134 | valor='001500'
2025-12-26 13:25:20.318 | pool-2-thread-1 | ERROR | mx.baz.conciliaciones.operaciones.dao.Impl.UploadInfoDaoImpl | DEBUG INSERT -> columna=FECHAULTABONO | idx=135 | valor='2006-09-15'
2025-12-26 13:25:20.318 | pool-2-thread-1 | ERROR | mx.baz.conciliaciones.operaciones.dao.Impl.UploadInfoDaoImpl | DEBUG INSERT -> columna=DIASEMANA | idx=136 | valor='0'
2025-12-26 13:25:20.318 | pool-2-thread-1 | ERROR | mx.baz.conciliaciones.operaciones.dao.Impl.UploadInfoDaoImpl | DEBUG INSERT -> columna=NOMBRE | idx=137 | valor='ERNESTO'
2025-12-26 13:25:20.318 | pool-2-thread-1 | ERROR | mx.baz.conciliaciones.operaciones.dao.Impl.UploadInfoDaoImpl | DEBUG INSERT -> columna=APEPAT | idx=138 | valor='FUENTES'
2025-12-26 13:25:20.318 | pool-2-thread-1 | ERROR | mx.baz.conciliaciones.operaciones.dao.Impl.UploadInfoDaoImpl | DEBUG INSERT -> columna=APEMAT | idx=139 | valor='RAMIREZ'
2025-12-26 13:25:20.318 | pool-2-thread-1 | ERROR | mx.baz.conciliaciones.operaciones.dao.Impl.UploadInfoDaoImpl | DEBUG INSERT -> columna=CODPOST | idx=140 | valor='53120'
2025-12-26 13:25:20.318 | pool-2-thread-1 | ERROR | mx.baz.conciliaciones.operaciones.dao.Impl.UploadInfoDaoImpl | DEBUG INSERT -> columna=ESTADO | idx=141 | valor='MEXICO'
2025-12-26 13:25:20.319 | pool-2-thread-1 | ERROR | mx.baz.conciliaciones.operaciones.dao.Impl.UploadInfoDaoImpl | DEBUG INSERT -> columna=MUNICE | idx=142 | valor='NAUCALPAN'
2025-12-26 13:25:20.319 | pool-2-thread-1 | ERROR | mx.baz.conciliaciones.operaciones.dao.Impl.UploadInfoDaoImpl | DEBUG INSERT -> columna=SEM_ATRASO | idx=150 | valor='0000001026'
2025-12-26 13:25:20.319 | pool-2-thread-1 | ERROR | mx.baz.conciliaciones.operaciones.dao.Impl.UploadInfoDaoImpl | DEBUG INSERT -> columna=CONTROL | idx=63 | valor='CANCONT'
2025-12-26 13:26:08.606 | HikariPool-1 housekeeper | WARN  | com.zaxxer.hikari.pool.HikariPool | HikariPool-1 - Thread starvation or clock leap detected (housekeeper delta=49s989ms657µs500ns).
2025-12-26 13:28:01.622 | HikariPool-1 housekeeper | WARN  | com.zaxxer.hikari.pool.HikariPool | HikariPool-1 - Thread starvation or clock leap detected (housekeeper delta=1m53s15ms578µs600ns).
2025-12-26 13:28:01.624 | pool-2-thread-1 | INFO  | mx.baz.conciliaciones.operaciones.dao.Impl.UploadInfoDaoImpl | Insert in table: 1. rows processed
